Archive member included to satisfy reference by file (symbol)

c:/chibistudio/tools/gnu tools arm embedded/9.0 2019q4/bin/../lib/gcc/arm-none-eabi/9.2.1/../../../../arm-none-eabi/lib/thumb/v7e-m/nofp\libg.a(lib_a-memcpy.o)
                              C:\Users\RAKIBU~1\AppData\Local\Temp\ch.elf.PhmLE8.ltrans0.ltrans.o (memcpy)
c:/chibistudio/tools/gnu tools arm embedded/9.0 2019q4/bin/../lib/gcc/arm-none-eabi/9.2.1/../../../../arm-none-eabi/lib/thumb/v7e-m/nofp\libg.a(lib_a-memset.o)
                              C:\Users\RAKIBU~1\AppData\Local\Temp\ch.elf.PhmLE8.ltrans0.ltrans.o (memset)
c:/chibistudio/tools/gnu tools arm embedded/9.0 2019q4/bin/../lib/gcc/arm-none-eabi/9.2.1/../../../../arm-none-eabi/lib/thumb/v7e-m/nofp\libg.a(lib_a-strlen.o)
                              C:\Users\RAKIBU~1\AppData\Local\Temp\ch.elf.PhmLE8.ltrans0.ltrans.o (strlen)

Discarded input sections

 .data          0x00000000        0x0 ./build/obj/crt0_v7m.o
 .bss           0x00000000        0x0 ./build/obj/crt0_v7m.o
 .data          0x00000000        0x0 ./build/obj/vectors.o
 .bss           0x00000000        0x0 ./build/obj/vectors.o
 .data          0x00000000        0x0 ./build/obj/chcoreasm_v7m.o
 .bss           0x00000000        0x0 ./build/obj/chcoreasm_v7m.o
 .text          0x00000000        0x0 C:\Users\RAKIBU~1\AppData\Local\Temp\ch.elf.PhmLE8.ltrans0.ltrans.o
 .data          0x00000000        0x0 C:\Users\RAKIBU~1\AppData\Local\Temp\ch.elf.PhmLE8.ltrans0.ltrans.o
 .bss           0x00000000        0x0 C:\Users\RAKIBU~1\AppData\Local\Temp\ch.elf.PhmLE8.ltrans0.ltrans.o
 .text.isr      0x00000000       0x10 C:\Users\RAKIBU~1\AppData\Local\Temp\ch.elf.PhmLE8.ltrans0.ltrans.o
 .text._isatty_r
                0x00000000        0x4 C:\Users\RAKIBU~1\AppData\Local\Temp\ch.elf.PhmLE8.ltrans0.ltrans.o
 .text._fstat_r
                0x00000000       0x18 C:\Users\RAKIBU~1\AppData\Local\Temp\ch.elf.PhmLE8.ltrans0.ltrans.o
 .text._sbrk_r  0x00000000       0x40 C:\Users\RAKIBU~1\AppData\Local\Temp\ch.elf.PhmLE8.ltrans0.ltrans.o
 .text._close_r
                0x00000000        0x4 C:\Users\RAKIBU~1\AppData\Local\Temp\ch.elf.PhmLE8.ltrans0.ltrans.o
 .text._write_r
                0x00000000        0x4 C:\Users\RAKIBU~1\AppData\Local\Temp\ch.elf.PhmLE8.ltrans0.ltrans.o
 .text._lseek_r
                0x00000000        0x4 C:\Users\RAKIBU~1\AppData\Local\Temp\ch.elf.PhmLE8.ltrans0.ltrans.o
 .text._read_r  0x00000000        0xc C:\Users\RAKIBU~1\AppData\Local\Temp\ch.elf.PhmLE8.ltrans0.ltrans.o
 .bss.gastrSockets
                0x00000000       0xb0 C:\Users\RAKIBU~1\AppData\Local\Temp\ch.elf.PhmLE8.ltrans0.ltrans.o
 .bss.gbSocketInit
                0x00000000        0x1 C:\Users\RAKIBU~1\AppData\Local\Temp\ch.elf.PhmLE8.ltrans0.ltrans.o
 .bss.gfpPingCb
                0x00000000        0x4 C:\Users\RAKIBU~1\AppData\Local\Temp\ch.elf.PhmLE8.ltrans0.ltrans.o
 .bss.gpfAppResolveCb
                0x00000000        0x4 C:\Users\RAKIBU~1\AppData\Local\Temp\ch.elf.PhmLE8.ltrans0.ltrans.o
 .bss.gpfAppSocketCb
                0x00000000        0x4 C:\Users\RAKIBU~1\AppData\Local\Temp\ch.elf.PhmLE8.ltrans0.ltrans.o
 .bss.gsockerrno
                0x00000000        0x1 C:\Users\RAKIBU~1\AppData\Local\Temp\ch.elf.PhmLE8.ltrans0.ltrans.o
 .bss.gu16BufferSize
                0x00000000        0x2 C:\Users\RAKIBU~1\AppData\Local\Temp\ch.elf.PhmLE8.ltrans0.ltrans.o
 .bss.gu16SessionID
                0x00000000        0x2 C:\Users\RAKIBU~1\AppData\Local\Temp\ch.elf.PhmLE8.ltrans0.ltrans.o
 .bss.gu8OpCode
                0x00000000        0x1 C:\Users\RAKIBU~1\AppData\Local\Temp\ch.elf.PhmLE8.ltrans0.ltrans.o
 .bss.u8NextTcpSock.5136
                0x00000000        0x1 C:\Users\RAKIBU~1\AppData\Local\Temp\ch.elf.PhmLE8.ltrans0.ltrans.o
 .bss.u8NextUdpSock.5137
                0x00000000        0x1 C:\Users\RAKIBU~1\AppData\Local\Temp\ch.elf.PhmLE8.ltrans0.ltrans.o
 .comment       0x00000000       0x7a C:\Users\RAKIBU~1\AppData\Local\Temp\ccKPWcOg.debug.temp.o
 .comment       0x00000000       0x7a C:\Users\RAKIBU~1\AppData\Local\Temp\ccql5qoq.debug.temp.o
 .comment       0x00000000       0x7a C:\Users\RAKIBU~1\AppData\Local\Temp\ccEubIDA.debug.temp.o
 .comment       0x00000000       0x7a C:\Users\RAKIBU~1\AppData\Local\Temp\ccOZLmYN.debug.temp.o
 .comment       0x00000000       0x7a C:\Users\RAKIBU~1\AppData\Local\Temp\ccKDutZ1.debug.temp.o
 .comment       0x00000000       0x7a C:\Users\RAKIBU~1\AppData\Local\Temp\ccWvCFzf.debug.temp.o
 .debug_info    0x00000000     0x130c C:\Users\RAKIBU~1\AppData\Local\Temp\cck2JCyr.debug.temp.o
 .debug_abbrev  0x00000000      0x1a9 C:\Users\RAKIBU~1\AppData\Local\Temp\cck2JCyr.debug.temp.o
 .debug_line    0x00000000      0x50d C:\Users\RAKIBU~1\AppData\Local\Temp\cck2JCyr.debug.temp.o
 .debug_str     0x00000000      0xa98 C:\Users\RAKIBU~1\AppData\Local\Temp\cck2JCyr.debug.temp.o
 .comment       0x00000000       0x7a C:\Users\RAKIBU~1\AppData\Local\Temp\cck2JCyr.debug.temp.o
[...]
Memory Configuration

Name             Origin             Length             Attributes
flash0           0x08000000         0x00020000         xr
flash1           0x00000000         0x00000000         xr
flash2           0x00000000         0x00000000         xr
flash3           0x00000000         0x00000000         xr
flash4           0x00000000         0x00000000         xr
flash5           0x00000000         0x00000000         xr
flash6           0x00000000         0x00000000         xr
flash7           0x00000000         0x00000000         xr
ram0             0x20000000         0x00008000         xw
ram1             0x00000000         0x00000000         xw
ram2             0x00000000         0x00000000         xw
ram3             0x00000000         0x00000000         xw
ram4             0x00000000         0x00000000         xw
ram5             0x00000000         0x00000000         xw
ram6             0x00000000         0x00000000         xw
ram7             0x00000000         0x00000000         xw
*default*        0x00000000         0xffffffff

Linker script and memory map

LOAD ./build/obj/crt0_v7m.o
LOAD ./build/obj/vectors.o
LOAD ./build/obj/chcoreasm_v7m.o
LOAD C:\Users\RAKIBU~1\AppData\Local\Temp\ch.elf.PhmLE8.ltrans0.ltrans.o
LOAD C:\Users\RAKIBU~1\AppData\Local\Temp\ccKPWcOg.debug.temp.o
LOAD C:\Users\RAKIBU~1\AppData\Local\Temp\ccql5qoq.debug.temp.o
LOAD C:\Users\RAKIBU~1\AppData\Local\Temp\ccEubIDA.debug.temp.o
LOAD C:\Users\RAKIBU~1\AppData\Local\Temp\ccOZLmYN.debug.temp.o
LOAD C:\Users\RAKIBU~1\AppData\Local\Temp\ccKDutZ1.debug.temp.o
LOAD C:\Users\RAKIBU~1\AppData\Local\Temp\ccWvCFzf.debug.temp.o
LOAD C:\Users\RAKIBU~1\AppData\Local\Temp\cck2JCyr.debug.temp.o
LOAD C:\Users\RAKIBU~1\AppData\Local\Temp\ccu5zkhE.debug.temp.o
LOAD C:\Users\RAKIBU~1\AppData\Local\Temp\ccSVns5T.debug.temp.o
LOAD C:\Users\RAKIBU~1\AppData\Local\Temp\ccA68Fs9.debug.temp.o
LOAD C:\Users\RAKIBU~1\AppData\Local\Temp\ccO1Pjwp.debug.temp.o
LOAD C:\Users\RAKIBU~1\AppData\Local\Temp\ccsUotYD.debug.temp.o
LOAD C:\Users\RAKIBU~1\AppData\Local\Temp\cc4DnGaT.debug.temp.o
LOAD C:\Users\RAKIBU~1\AppData\Local\Temp\ccIK3xR7.debug.temp.o
LOAD C:\Users\RAKIBU~1\AppData\Local\Temp\ccWD9sDp.debug.temp.o
LOAD C:\Users\RAKIBU~1\AppData\Local\Temp\ccoMRt9H.debug.temp.o
LOAD C:\Users\RAKIBU~1\AppData\Local\Temp\cc2EI44Y.debug.temp.o
LOAD C:\Users\RAKIBU~1\AppData\Local\Temp\ccil34zf.debug.temp.o
LOAD C:\Users\RAKIBU~1\AppData\Local\Temp\ccgsyPOw.debug.temp.o
LOAD C:\Users\RAKIBU~1\AppData\Local\Temp\ccMgT53Q.debug.temp.o
LOAD C:\Users\RAKIBU~1\AppData\Local\Temp\ccivry3b.debug.temp.o
LOAD C:\Users\RAKIBU~1\AppData\Local\Temp\cca7d7Bw.debug.temp.o
LOAD C:\Users\RAKIBU~1\AppData\Local\Temp\ccaXfZRP.debug.temp.o
LOAD C:\Users\RAKIBU~1\AppData\Local\Temp\ccEmCYG8.debug.temp.o
LOAD C:\Users\RAKIBU~1\AppData\Local\Temp\cc47Itxs.debug.temp.o
LOAD C:\Users\RAKIBU~1\AppData\Local\Temp\ccg2B1aM.debug.temp.o
LOAD C:\Users\RAKIBU~1\AppData\Local\Temp\ccogWFT8.debug.temp.o
LOAD C:\Users\RAKIBU~1\AppData\Local\Temp\ccY2mIbv.debug.temp.o
LOAD C:\Users\RAKIBU~1\AppData\Local\Temp\cckmwvdS.debug.temp.o
LOAD C:\Users\RAKIBU~1\AppData\Local\Temp\cc01hdEd.debug.temp.o
LOAD C:\Users\RAKIBU~1\AppData\Local\Temp\ccKFfIOz.debug.temp.o
LOAD C:\Users\RAKIBU~1\AppData\Local\Temp\cckyLtzV.debug.temp.o
LOAD C:\Users\RAKIBU~1\AppData\Local\Temp\ccGxoBpk.debug.temp.o
LOAD C:\Users\RAKIBU~1\AppData\Local\Temp\ccgKAxZJ.debug.temp.o
LOAD C:\Users\RAKIBU~1\AppData\Local\Temp\ccSlpdY7.debug.temp.o
LOAD C:\Users\RAKIBU~1\AppData\Local\Temp\cccQavrv.debug.temp.o
LOAD C:\Users\RAKIBU~1\AppData\Local\Temp\ccSJBCET.debug.temp.o
LOAD C:\Users\RAKIBU~1\AppData\Local\Temp\cccy34Wk.debug.temp.o
LOAD C:\Users\RAKIBU~1\AppData\Local\Temp\ccI2juZM.debug.temp.o
LOAD C:\Users\RAKIBU~1\AppData\Local\Temp\ccKJyrxe.debug.temp.o
LOAD C:\Users\RAKIBU~1\AppData\Local\Temp\ccQmUJpE.debug.temp.o
LOAD C:\Users\RAKIBU~1\AppData\Local\Temp\ccs8LK14.debug.temp.o
LOAD C:\Users\RAKIBU~1\AppData\Local\Temp\cc2gmSIy.debug.temp.o
LOAD C:\Users\RAKIBU~1\AppData\Local\Temp\ccqvcD52.debug.temp.o
LOAD C:\Users\RAKIBU~1\AppData\Local\Temp\ccoyll2w.debug.temp.o
LOAD C:\Users\RAKIBU~1\AppData\Local\Temp\ccQadvAZ.debug.temp.o
LOAD C:\Users\RAKIBU~1\AppData\Local\Temp\cccyWHSs.debug.temp.o
LOAD C:\Users\RAKIBU~1\AppData\Local\Temp\cc2Cc8KV.debug.temp.o
LOAD C:\Users\RAKIBU~1\AppData\Local\Temp\cciJIbEr.debug.temp.o
LOAD C:\Users\RAKIBU~1\AppData\Local\Temp\cc2q05gY.debug.temp.o
LOAD C:\Users\RAKIBU~1\AppData\Local\Temp\ccAcZHit.debug.temp.o
LOAD C:\Users\RAKIBU~1\AppData\Local\Temp\ccwotqTX.debug.temp.o
LOAD C:\Users\RAKIBU~1\AppData\Local\Temp\ccYUxist.debug.temp.o
LOAD C:\Users\RAKIBU~1\AppData\Local\Temp\ccaXKMRY.debug.temp.o
LOAD C:\Users\RAKIBU~1\AppData\Local\Temp\cc2oiC3t.debug.temp.o
LOAD C:\Users\RAKIBU~1\AppData\Local\Temp\ccGxzul2.debug.temp.o
LOAD C:\Users\RAKIBU~1\AppData\Local\Temp\ccCv8UtA.debug.temp.o
LOAD C:\Users\RAKIBU~1\AppData\Local\Temp\ccogZgA9.debug.temp.o
LOAD C:\Users\RAKIBU~1\AppData\Local\Temp\ccy1ZsxI.debug.temp.o
LOAD C:\Users\RAKIBU~1\AppData\Local\Temp\ccwo1vPf.debug.temp.o
LOAD C:\Users\RAKIBU~1\AppData\Local\Temp\ccIYZHTM.debug.temp.o
LOAD C:\Users\RAKIBU~1\AppData\Local\Temp\ccUsFXHk.debug.temp.o
LOAD C:\Users\RAKIBU~1\AppData\Local\Temp\ccIM1gBV.debug.temp.o
LOAD C:\Users\RAKIBU~1\AppData\Local\Temp\ccWh1wmw.debug.temp.o
LOAD C:\Users\RAKIBU~1\AppData\Local\Temp\ccEmt6M7.debug.temp.o
LOAD C:\Users\RAKIBU~1\AppData\Local\Temp\ccgcrj4I.debug.temp.o
LOAD C:\Users\RAKIBU~1\AppData\Local\Temp\ccCzUDGi.debug.temp.o
LOAD C:\Users\RAKIBU~1\AppData\Local\Temp\ccwaSy9R.debug.temp.o
LOAD C:\Users\RAKIBU~1\AppData\Local\Temp\cckwHwms.debug.temp.o
LOAD C:\Users\RAKIBU~1\AppData\Local\Temp\ccE2B8z5.debug.temp.o
LOAD C:\Users\RAKIBU~1\AppData\Local\Temp\ccQQl1nI.debug.temp.o
LOAD C:\Users\RAKIBU~1\AppData\Local\Temp\ccAk6dRl.debug.temp.o
LOAD C:\Users\RAKIBU~1\AppData\Local\Temp\cceZjSIX.debug.temp.o
LOAD C:\Users\RAKIBU~1\AppData\Local\Temp\ccY8XEbA.debug.temp.o
LOAD C:\Users\RAKIBU~1\AppData\Local\Temp\cc2ivqKf.debug.temp.o
LOAD C:\Users\RAKIBU~1\AppData\Local\Temp\ccGbckSU.debug.temp.o
LOAD C:\Users\RAKIBU~1\AppData\Local\Temp\ccq7oiKA.debug.temp.o
LOAD C:\Users\RAKIBU~1\AppData\Local\Temp\cc6e3aWe.debug.temp.o
LOAD C:\Users\RAKIBU~1\AppData\Local\Temp\ccm7hVRT.debug.temp.o
LOAD C:\Users\RAKIBU~1\AppData\Local\Temp\cc01rtjy.debug.temp.o
LOAD C:\Users\RAKIBU~1\AppData\Local\Temp\ccq1F6Pf.debug.temp.o
LOAD C:\Users\RAKIBU~1\AppData\Local\Temp\ccGFdM6X.debug.temp.o
LOAD C:\Users\RAKIBU~1\AppData\Local\Temp\cc2MSULE.debug.temp.o
LOAD C:\Users\RAKIBU~1\AppData\Local\Temp\ccup6f0k.debug.temp.o
LOAD C:\Users\RAKIBU~1\AppData\Local\Temp\ccufaBY1.debug.temp.o
LOAD C:\Users\RAKIBU~1\AppData\Local\Temp\ccMw3vYL.debug.temp.o
LOAD C:\Users\RAKIBU~1\AppData\Local\Temp\ccYyOtIw.debug.temp.o
LOAD C:\Users\RAKIBU~1\AppData\Local\Temp\ccMMJaMf.debug.temp.o
LOAD C:\Users\RAKIBU~1\AppData\Local\Temp\ccWpWepY.debug.temp.o
LOAD C:\Users\RAKIBU~1\AppData\Local\Temp\ccouseNH.debug.temp.o
LOAD C:\Users\RAKIBU~1\AppData\Local\Temp\ccA4YTbu.debug.temp.o
LOAD C:\Users\RAKIBU~1\AppData\Local\Temp\ccKvVCkh.debug.temp.o

.mstack         0x20000000      0x400
                0x20000000                . = ALIGN (0x8)
                0x20000000                __main_stack_base__ = .
                0x20000400                . = (. + __main_stack_size__)
 *fill*         0x20000000      0x400 
                0x20000400                . = ALIGN (0x8)
                0x20000400                __main_stack_end__ = .

.pstack         0x20000400      0x400
                0x20000400                . = ALIGN (0x8)
                0x20000400                __process_stack_base__ = .
                0x20000400                __main_thread_stack_base__ = .
                0x20000800                . = (. + __process_stack_size__)
 *fill*         0x20000400      0x400 
                0x20000800                . = ALIGN (0x8)
                0x20000800                __process_stack_end__ = .
                0x20000800                __main_thread_stack_end__ = .

.vectors        0x08000000      0x1e0
 *(.vectors)
 .vectors       0x08000000      0x1e0 ./build/obj/vectors.o
                0x08000000                _vectors

.xtors          0x080001e0        0x0
                0x080001e0                __init_array_base__ = .
 *(SORT_BY_NAME(.init_array.*))
 *(.init_array)
                0x080001e0                __init_array_end__ = .
                0x080001e0                __fini_array_base__ = .
 *(.fini_array)
 *(SORT_BY_NAME(.fini_array.*))
                0x080001e0                __fini_array_end__ = .

.text           0x08000200     0x3914
                0x08000200                __text_base__ = .
 *(.text)
 .text          0x08000200       0xd8 ./build/obj/crt0_v7m.o
                0x08000200                _crt0_entry
 .text          0x080002d8        0x8 ./build/obj/vectors.o
                0x080002d8                Reset_Handler
                0x080002da                VectorAC
                0x080002da                DebugMon_Handler
                0x080002da                Vector1A0
                0x080002da                Vector11C
                0x080002da                HardFault_Handler
                0x080002da                Vector1B8
                0x080002da                Vector19C
                0x080002da                Vector8C
                0x080002da                SysTick_Handler
                0x080002da                VectorDC
                0x080002da                PendSV_Handler
                0x080002da                Vector168
                0x080002da                NMI_Handler
                0x080002da                Vector110
                0x080002da                Vector1D8
                0x080002da                VectorC8
                0x080002da                Vector94
                0x080002da                VectorA8
                0x080002da                VectorB4
                0x080002da                Vector160
                0x080002da                Vector1B0
                0x080002da                UsageFault_Handler
                0x080002da                VectorEC
                0x080002da                Vector40
                0x080002da                VectorF8
                0x080002da                VectorBC
                0x080002da                Vector190
                0x080002da                Vector1C4
                0x080002da                Vector1CC
                0x080002da                Vector148
                0x080002da                Vector188
                0x080002da                Vector198
                0x080002da                Vector118
                0x080002da                VectorE8
                0x080002da                VectorCC
                0x080002da                Vector54
                0x080002da                Vector98
                0x080002da                Vector138
                0x080002da                Vector24
                0x080002da                Vector1AC
                0x080002da                Vector178
                0x080002da                Vector1A4
                0x080002da                VectorD0
                0x080002da                Vector1B4
                0x080002da                Vector140
                0x080002da                VectorE4
                0x080002da                VectorC0
                0x080002da                Vector1C0
                0x080002da                Vector134
                0x080002da                Vector1D0
                0x080002da                VectorF0
                0x080002da                Vector13C
                0x080002da                Vector100
                0x080002da                VectorF4
                0x080002da                MemManage_Handler
                0x080002da                VectorA0
                0x080002da                VectorC4
                0x080002da                Vector180
                0x080002da                VectorB0
                0x080002da                Vector90
                0x080002da                Vector114
                0x080002da                Vector164
                0x080002da                Vector1C
                0x080002da                Vector1BC
                0x080002da                Vector1D4
                0x080002da                Vector17C
                0x080002da                Vector48
                0x080002da                Vector1A8
                0x080002da                Vector16C
                0x080002da                VectorD4
                0x080002da                Vector4C
                0x080002da                Vector144
                0x080002da                Vector15C
                0x080002da                Vector18C
                0x080002da                Vector170
                0x080002da                Vector88
                0x080002da                Vector104
                0x080002da                Vector184
                0x080002da                Vector10C
                0x080002da                Vector14C
                0x080002da                BusFault_Handler
                0x080002da                Vector50
                0x080002da                Vector1C8
                0x080002da                Vector194
                0x080002da                Vector1DC
                0x080002da                Vector44
                0x080002da                Vector28
                0x080002da                VectorB8
                0x080002da                Vector34
                0x080002da                VectorA4
                0x080002da                Vector20
                0x080002da                Vector174
                0x080002de                _unhandled_exception
 .text          0x080002e0       0x2a ./build/obj/chcoreasm_v7m.o
                0x080002e0                _port_switch
                0x080002f0                _port_thread_start
                0x08000302                _port_switch_from_isr
                0x08000306                _port_exit_from_isr
 *fill*         0x0800030a        0x2 
 .text          0x0800030c      0x134 c:/chibistudio/tools/gnu tools arm embedded/9.0 2019q4/bin/../lib/gcc/arm-none-eabi/9.2.1/../../../../arm-none-eabi/lib/thumb/v7e-m/nofp\libg.a(lib_a-memcpy.o)
                0x0800030c                memcpy
 .text          0x08000440       0xdc c:/chibistudio/tools/gnu tools arm embedded/9.0 2019q4/bin/../lib/gcc/arm-none-eabi/9.2.1/../../../../arm-none-eabi/lib/thumb/v7e-m/nofp\libg.a(lib_a-strlen.o)
                0x08000440                strlen
 *(.text.*)
 *fill*         0x0800051c        0x4 
 .text.dmaStreamAllocI.part.0.constprop.0
                0x08000520       0xac C:\Users\RAKIBU~1\AppData\Local\Temp\ch.elf.PhmLE8.ltrans0.ltrans.o
 *fill*         0x080005cc        0x4 
 .text._pal_lld_enablepadevent.constprop.0
                0x080005d0       0x3c C:\Users\RAKIBU~1\AppData\Local\Temp\ch.elf.PhmLE8.ltrans0.ltrans.o
 *fill*         0x0800060c        0x4 
 .text.m2m_hif_cb
                0x08000610        0x4 C:\Users\RAKIBU~1\AppData\Local\Temp\ch.elf.PhmLE8.ltrans0.ltrans.o
 *fill*         0x08000614        0xc 
 .text.chCoreAllocFromTop
                0x08000620       0x3c C:\Users\RAKIBU~1\AppData\Local\Temp\ch.elf.PhmLE8.ltrans0.ltrans.o
 *fill*         0x0800065c        0x4 
 .text.notify2  0x08000660       0x10 C:\Users\RAKIBU~1\AppData\Local\Temp\ch.elf.PhmLE8.ltrans0.ltrans.o
 .text.nm_bsp_interrupt_ctrl.part.0
                0x08000670       0x14 C:\Users\RAKIBU~1\AppData\Local\Temp\ch.elf.PhmLE8.ltrans0.ltrans.o
 *fill*         0x08000684        0xc 
 .text._port_irq_epilogue
                0x08000690       0x4c C:\Users\RAKIBU~1\AppData\Local\Temp\ch.elf.PhmLE8.ltrans0.ltrans.o
 *fill*         0x080006dc        0x4 
 .text.chCoreAllocAlignedI
                0x080006e0       0x28 C:\Users\RAKIBU~1\AppData\Local\Temp\ch.elf.PhmLE8.ltrans0.ltrans.o
 *fill*         0x08000708        0x8 
 .text.chTMStopMeasurementX
                0x08000710       0x44 C:\Users\RAKIBU~1\AppData\Local\Temp\ch.elf.PhmLE8.ltrans0.ltrans.o
 *fill*         0x08000754        0xc 
 .text.chTMStartMeasurementX
                0x08000760        0xc C:\Users\RAKIBU~1\AppData\Local\Temp\ch.elf.PhmLE8.ltrans0.ltrans.o
 *fill*         0x0800076c        0x4 
 .text.wakeup   0x08000770       0x6c C:\Users\RAKIBU~1\AppData\Local\Temp\ch.elf.PhmLE8.ltrans0.ltrans.o
 *fill*         0x080007dc        0x4 
 .text.chSchReadyI
                0x080007e0       0x24 C:\Users\RAKIBU~1\AppData\Local\Temp\ch.elf.PhmLE8.ltrans0.ltrans.o
 *fill*         0x08000804        0xc 
 .text.chEvtBroadcastFlagsI.constprop.0
                0x08000810       0x60 C:\Users\RAKIBU~1\AppData\Local\Temp\ch.elf.PhmLE8.ltrans0.ltrans.o
 .text.chThdDequeueAllI.constprop.0
                0x08000870       0x20 C:\Users\RAKIBU~1\AppData\Local\Temp\ch.elf.PhmLE8.ltrans0.ltrans.o
 .text._idle_thread
                0x08000890        0x4 C:\Users\RAKIBU~1\AppData\Local\Temp\ch.elf.PhmLE8.ltrans0.ltrans.o
 *fill*         0x08000894        0xc 
 .text.spi_lld_serve_tx_interrupt
                0x080008a0       0x1c C:\Users\RAKIBU~1\AppData\Local\Temp\ch.elf.PhmLE8.ltrans0.ltrans.o
 *fill*         0x080008bc        0x4 
 .text.spi_lld_serve_rx_interrupt
                0x080008c0       0xcc C:\Users\RAKIBU~1\AppData\Local\Temp\ch.elf.PhmLE8.ltrans0.ltrans.o
 *fill*         0x0800098c        0x4 
 .text._pal_lld_setgroupmode
                0x08000990       0xcc C:\Users\RAKIBU~1\AppData\Local\Temp\ch.elf.PhmLE8.ltrans0.ltrans.o
 *fill*         0x08000a5c        0x4 
 .text._ctl     0x08000a60        0x4 C:\Users\RAKIBU~1\AppData\Local\Temp\ch.elf.PhmLE8.ltrans0.ltrans.o
 *fill*         0x08000a64        0xc 
 .text.chSchGoSleepS
                0x08000a70       0x28 C:\Users\RAKIBU~1\AppData\Local\Temp\ch.elf.PhmLE8.ltrans0.ltrans.o
 *fill*         0x08000a98        0x8 
 .text.chSchGoSleepTimeoutS
                0x08000aa0      0x10c C:\Users\RAKIBU~1\AppData\Local\Temp\ch.elf.PhmLE8.ltrans0.ltrans.o
 *fill*         0x08000bac        0x4 
 .text.chThdEnqueueTimeoutS
                0x08000bb0       0x28 C:\Users\RAKIBU~1\AppData\Local\Temp\ch.elf.PhmLE8.ltrans0.ltrans.o
 *fill*         0x08000bd8        0x8 
 .text.oqPutTimeout
                0x08000be0       0x50 C:\Users\RAKIBU~1\AppData\Local\Temp\ch.elf.PhmLE8.ltrans0.ltrans.o
 .text._putt    0x08000c30        0x8 C:\Users\RAKIBU~1\AppData\Local\Temp\ch.elf.PhmLE8.ltrans0.ltrans.o
 *fill*         0x08000c38        0x8 
 .text._put     0x08000c40        0xc C:\Users\RAKIBU~1\AppData\Local\Temp\ch.elf.PhmLE8.ltrans0.ltrans.o
 *fill*         0x08000c4c        0x4 
 .text.iqGetTimeout
                0x08000c50       0x54 C:\Users\RAKIBU~1\AppData\Local\Temp\ch.elf.PhmLE8.ltrans0.ltrans.o
 *fill*         0x08000ca4        0xc 
 .text._gett    0x08000cb0        0x8 C:\Users\RAKIBU~1\AppData\Local\Temp\ch.elf.PhmLE8.ltrans0.ltrans.o
 *fill*         0x08000cb8        0x8 
 .text._get     0x08000cc0        0xc C:\Users\RAKIBU~1\AppData\Local\Temp\ch.elf.PhmLE8.ltrans0.ltrans.o
 *fill*         0x08000ccc        0x4 
 .text.chThdSleep
                0x08000cd0       0x18 C:\Users\RAKIBU~1\AppData\Local\Temp\ch.elf.PhmLE8.ltrans0.ltrans.o
 *fill*         0x08000ce8        0x8 
 .text.spiExchange.constprop.0
                0x08000cf0       0x60 C:\Users\RAKIBU~1\AppData\Local\Temp\ch.elf.PhmLE8.ltrans0.ltrans.o
 .text.nm_bus_ioctl.constprop.0
                0x08000d50       0x74 C:\Users\RAKIBU~1\AppData\Local\Temp\ch.elf.PhmLE8.ltrans0.ltrans.o
 *fill*         0x08000dc4        0xc 
 .text.spi_data_read
                0x08000dd0       0xb4 C:\Users\RAKIBU~1\AppData\Local\Temp\ch.elf.PhmLE8.ltrans0.ltrans.o
 *fill*         0x08000e84        0xc 
 .text.spi_cmd_rsp
                0x08000e90       0x98 C:\Users\RAKIBU~1\AppData\Local\Temp\ch.elf.PhmLE8.ltrans0.ltrans.o
 *fill*         0x08000f28        0x8 
 .text.spi_cmd  0x08000f30      0x138 C:\Users\RAKIBU~1\AppData\Local\Temp\ch.elf.PhmLE8.ltrans0.ltrans.o
 *fill*         0x08001068        0x8 
 .text.nm_spi_read
                0x08001070       0xa0 C:\Users\RAKIBU~1\AppData\Local\Temp\ch.elf.PhmLE8.ltrans0.ltrans.o
 .text.nm_read_block
                0x08001110       0x50 C:\Users\RAKIBU~1\AppData\Local\Temp\ch.elf.PhmLE8.ltrans0.ltrans.o
 .text.spi_read_reg
                0x08001160       0x8c C:\Users\RAKIBU~1\AppData\Local\Temp\ch.elf.PhmLE8.ltrans0.ltrans.o
 *fill*         0x080011ec        0x4 
 .text.nm_spi_read_reg_with_ret
                0x080011f0       0x14 C:\Users\RAKIBU~1\AppData\Local\Temp\ch.elf.PhmLE8.ltrans0.ltrans.o
 *fill*         0x08001204        0xc 
 .text.nmi_get_chipid
                0x08001210       0x9c C:\Users\RAKIBU~1\AppData\Local\Temp\ch.elf.PhmLE8.ltrans0.ltrans.o
 *fill*         0x080012ac        0x4 
 .text.nm_spi_write
                0x080012b0      0x148 C:\Users\RAKIBU~1\AppData\Local\Temp\ch.elf.PhmLE8.ltrans0.ltrans.o
 *fill*         0x080013f8        0x8 
 .text.nm_write_block
                0x08001400       0x50 C:\Users\RAKIBU~1\AppData\Local\Temp\ch.elf.PhmLE8.ltrans0.ltrans.o
 .text.spi_write_reg
                0x08001450       0x78 C:\Users\RAKIBU~1\AppData\Local\Temp\ch.elf.PhmLE8.ltrans0.ltrans.o
 *fill*         0x080014c8        0x8 
 .text.nm_spi_write_reg
                0x080014d0       0x14 C:\Users\RAKIBU~1\AppData\Local\Temp\ch.elf.PhmLE8.ltrans0.ltrans.o
 *fill*         0x080014e4        0xc 
 .text.nm_write_reg
                0x080014f0        0x4 C:\Users\RAKIBU~1\AppData\Local\Temp\ch.elf.PhmLE8.ltrans0.ltrans.o
 *fill*         0x080014f4        0xc 
 .text.chip_apply_conf
                0x08001500       0x30 C:\Users\RAKIBU~1\AppData\Local\Temp\ch.elf.PhmLE8.ltrans0.ltrans.o
 .text.hif_chip_sleep
                0x08001530       0x88 C:\Users\RAKIBU~1\AppData\Local\Temp\ch.elf.PhmLE8.ltrans0.ltrans.o
 *fill*         0x080015b8        0x8 
 .text.hif_send.constprop.0
                0x080015c0      0x22c C:\Users\RAKIBU~1\AppData\Local\Temp\ch.elf.PhmLE8.ltrans0.ltrans.o
 *fill*         0x080017ec        0x4 
 .text.m2m_wifi_request_scan.constprop.0
                0x080017f0       0x30 C:\Users\RAKIBU~1\AppData\Local\Temp\ch.elf.PhmLE8.ltrans0.ltrans.o
 .text.m2m_wifi_req_scan_result
                0x08001820       0x1c C:\Users\RAKIBU~1\AppData\Local\Temp\ch.elf.PhmLE8.ltrans0.ltrans.o
 *fill*         0x0800183c        0x4 
 .text.hif_set_rx_done
                0x08001840       0x34 C:\Users\RAKIBU~1\AppData\Local\Temp\ch.elf.PhmLE8.ltrans0.ltrans.o
 *fill*         0x08001874        0xc 
 .text.hif_receive
                0x08001880       0x50 C:\Users\RAKIBU~1\AppData\Local\Temp\ch.elf.PhmLE8.ltrans0.ltrans.o
 .text.m2m_wifi_cb
                0x080018d0      0x1b8 C:\Users\RAKIBU~1\AppData\Local\Temp\ch.elf.PhmLE8.ltrans0.ltrans.o
 *fill*         0x08001a88        0x8 
 .text.myPrintf
                0x08001a90      0x4b4 C:\Users\RAKIBU~1\AppData\Local\Temp\ch.elf.PhmLE8.ltrans0.ltrans.o
 *fill*         0x08001f44        0xc 
 .text.wifi_cb  0x08001f50      0x19c C:\Users\RAKIBU~1\AppData\Local\Temp\ch.elf.PhmLE8.ltrans0.ltrans.o
 *fill*         0x080020ec        0x4 
 .text.oqWriteTimeout
                0x080020f0       0xd4 C:\Users\RAKIBU~1\AppData\Local\Temp\ch.elf.PhmLE8.ltrans0.ltrans.o
 *fill*         0x080021c4        0xc 
 .text._writet  0x080021d0        0x8 C:\Users\RAKIBU~1\AppData\Local\Temp\ch.elf.PhmLE8.ltrans0.ltrans.o
 *fill*         0x080021d8        0x8 
 .text._write   0x080021e0        0xc C:\Users\RAKIBU~1\AppData\Local\Temp\ch.elf.PhmLE8.ltrans0.ltrans.o
 *fill*         0x080021ec        0x4 
 .text.iqReadTimeout
                0x080021f0       0xd4 C:\Users\RAKIBU~1\AppData\Local\Temp\ch.elf.PhmLE8.ltrans0.ltrans.o
 *fill*         0x080022c4        0xc 
 .text._readt   0x080022d0        0x8 C:\Users\RAKIBU~1\AppData\Local\Temp\ch.elf.PhmLE8.ltrans0.ltrans.o
 *fill*         0x080022d8        0x8 
 .text._read    0x080022e0        0xc C:\Users\RAKIBU~1\AppData\Local\Temp\ch.elf.PhmLE8.ltrans0.ltrans.o
 *fill*         0x080022ec        0x4 
 .text.startup.main
                0x080022f0      0xbbc C:\Users\RAKIBU~1\AppData\Local\Temp\ch.elf.PhmLE8.ltrans0.ltrans.o
                0x080022f0                main
 *fill*         0x08002eac        0x4 
 .text.SVC_Handler
                0x08002eb0       0x14 C:\Users\RAKIBU~1\AppData\Local\Temp\ch.elf.PhmLE8.ltrans0.ltrans.o
                0x08002eb0                SVC_Handler
 *fill*         0x08002ec4        0xc 
 .text.chThdExit
                0x08002ed0       0x4c C:\Users\RAKIBU~1\AppData\Local\Temp\ch.elf.PhmLE8.ltrans0.ltrans.o
                0x08002ed0                chThdExit
 *fill*         0x08002f1c        0x4 
 .text.chSchDoReschedule
                0x08002f20       0x3c C:\Users\RAKIBU~1\AppData\Local\Temp\ch.elf.PhmLE8.ltrans0.ltrans.o
                0x08002f20                chSchDoReschedule
 *fill*         0x08002f5c        0x4 
 .text.__early_init
                0x08002f60      0x1ac C:\Users\RAKIBU~1\AppData\Local\Temp\ch.elf.PhmLE8.ltrans0.ltrans.o
                0x08002f60                __early_init
 *fill*         0x0800310c        0x4 
 .text.VectorD8
                0x08003110      0x1ac C:\Users\RAKIBU~1\AppData\Local\Temp\ch.elf.PhmLE8.ltrans0.ltrans.o
                0x08003110                VectorD8
 *fill*         0x080032bc        0x4 
 .text.Vector108
                0x080032c0       0xb0 C:\Users\RAKIBU~1\AppData\Local\Temp\ch.elf.PhmLE8.ltrans0.ltrans.o
                0x080032c0                Vector108
 .text.Vector158
                0x08003370       0x2c C:\Users\RAKIBU~1\AppData\Local\Temp\ch.elf.PhmLE8.ltrans0.ltrans.o
                0x08003370                Vector158
 *fill*         0x0800339c        0x4 
 .text.Vector154
                0x080033a0       0x2c C:\Users\RAKIBU~1\AppData\Local\Temp\ch.elf.PhmLE8.ltrans0.ltrans.o
                0x080033a0                Vector154
 *fill*         0x080033cc        0x4 
 .text.Vector150
                0x080033d0       0x2c C:\Users\RAKIBU~1\AppData\Local\Temp\ch.elf.PhmLE8.ltrans0.ltrans.o
                0x080033d0                Vector150
 *fill*         0x080033fc        0x4 
 .text.Vector130
                0x08003400       0x28 C:\Users\RAKIBU~1\AppData\Local\Temp\ch.elf.PhmLE8.ltrans0.ltrans.o
                0x08003400                Vector130
 *fill*         0x08003428        0x8 
 .text.Vector12C
                0x08003430       0x2c C:\Users\RAKIBU~1\AppData\Local\Temp\ch.elf.PhmLE8.ltrans0.ltrans.o
                0x08003430                Vector12C
 *fill*         0x0800345c        0x4 
 .text.Vector128
                0x08003460       0x2c C:\Users\RAKIBU~1\AppData\Local\Temp\ch.elf.PhmLE8.ltrans0.ltrans.o
                0x08003460                Vector128
 *fill*         0x0800348c        0x4 
 .text.Vector124
                0x08003490       0x2c C:\Users\RAKIBU~1\AppData\Local\Temp\ch.elf.PhmLE8.ltrans0.ltrans.o
                0x08003490                Vector124
 *fill*         0x080034bc        0x4 
 .text.Vector120
                0x080034c0       0x28 C:\Users\RAKIBU~1\AppData\Local\Temp\ch.elf.PhmLE8.ltrans0.ltrans.o
                0x080034c0                Vector120
 *fill*         0x080034e8        0x8 
 .text.VectorFC
                0x080034f0       0x2c C:\Users\RAKIBU~1\AppData\Local\Temp\ch.elf.PhmLE8.ltrans0.ltrans.o
                0x080034f0                VectorFC
 *fill*         0x0800351c        0x4 
 .text.Vector84
                0x08003520       0x2c C:\Users\RAKIBU~1\AppData\Local\Temp\ch.elf.PhmLE8.ltrans0.ltrans.o
                0x08003520                Vector84
 *fill*         0x0800354c        0x4 
 .text.Vector80
                0x08003550       0x2c C:\Users\RAKIBU~1\AppData\Local\Temp\ch.elf.PhmLE8.ltrans0.ltrans.o
                0x08003550                Vector80
 *fill*         0x0800357c        0x4 
 .text.Vector7C
                0x08003580       0x28 C:\Users\RAKIBU~1\AppData\Local\Temp\ch.elf.PhmLE8.ltrans0.ltrans.o
                0x08003580                Vector7C
 *fill*         0x080035a8        0x8 
 .text.Vector78
                0x080035b0       0x2c C:\Users\RAKIBU~1\AppData\Local\Temp\ch.elf.PhmLE8.ltrans0.ltrans.o
                0x080035b0                Vector78
 *fill*         0x080035dc        0x4 
 .text.Vector74
                0x080035e0       0x2c C:\Users\RAKIBU~1\AppData\Local\Temp\ch.elf.PhmLE8.ltrans0.ltrans.o
                0x080035e0                Vector74
 *fill*         0x0800360c        0x4 
 .text.Vector70
                0x08003610       0x2c C:\Users\RAKIBU~1\AppData\Local\Temp\ch.elf.PhmLE8.ltrans0.ltrans.o
                0x08003610                Vector70
 *fill*         0x0800363c        0x4 
 .text.Vector6C
                0x08003640       0x28 C:\Users\RAKIBU~1\AppData\Local\Temp\ch.elf.PhmLE8.ltrans0.ltrans.o
                0x08003640                Vector6C
 *fill*         0x08003668        0x8 
 .text.VectorE0
                0x08003670      0x110 C:\Users\RAKIBU~1\AppData\Local\Temp\ch.elf.PhmLE8.ltrans0.ltrans.o
                0x08003670                VectorE0
 .text.Vector9C
                0x08003780       0xdc C:\Users\RAKIBU~1\AppData\Local\Temp\ch.elf.PhmLE8.ltrans0.ltrans.o
                0x08003780                Vector9C
 *fill*         0x0800385c        0x4 
 .text.Vector68
                0x08003860       0x44 C:\Users\RAKIBU~1\AppData\Local\Temp\ch.elf.PhmLE8.ltrans0.ltrans.o
                0x08003860                Vector68
 *fill*         0x080038a4        0xc 
 .text.Vector64
                0x080038b0       0x44 C:\Users\RAKIBU~1\AppData\Local\Temp\ch.elf.PhmLE8.ltrans0.ltrans.o
                0x080038b0                Vector64
 *fill*         0x080038f4        0xc 
 .text.Vector60
                0x08003900       0x44 C:\Users\RAKIBU~1\AppData\Local\Temp\ch.elf.PhmLE8.ltrans0.ltrans.o
                0x08003900                Vector60
 *fill*         0x08003944        0xc 
 .text.Vector5C
                0x08003950       0x44 C:\Users\RAKIBU~1\AppData\Local\Temp\ch.elf.PhmLE8.ltrans0.ltrans.o
                0x08003950                Vector5C
 *fill*         0x08003994        0xc 
 .text.Vector58
                0x080039a0       0x40 C:\Users\RAKIBU~1\AppData\Local\Temp\ch.elf.PhmLE8.ltrans0.ltrans.o
                0x080039a0                Vector58
 .text.__init_ram_areas
                0x080039e0       0x68 C:\Users\RAKIBU~1\AppData\Local\Temp\ch.elf.PhmLE8.ltrans0.ltrans.o
                0x080039e0                __init_ram_areas
 *fill*         0x08003a48        0x8 
 .text.__default_exit
                0x08003a50        0x4 C:\Users\RAKIBU~1\AppData\Local\Temp\ch.elf.PhmLE8.ltrans0.ltrans.o
                0x08003a50                __default_exit
 *fill*         0x08003a54        0xc 
 .text.__late_init
                0x08003a60        0x4 C:\Users\RAKIBU~1\AppData\Local\Temp\ch.elf.PhmLE8.ltrans0.ltrans.o
                0x08003a60                __late_init
 *fill*         0x08003a64        0xc 
 .text.__core_init
                0x08003a70        0x4 C:\Users\RAKIBU~1\AppData\Local\Temp\ch.elf.PhmLE8.ltrans0.ltrans.o
                0x08003a70                __core_init
 .text.memset   0x08003a74       0xa0 c:/chibistudio/tools/gnu tools arm embedded/9.0 2019q4/bin/../lib/gcc/arm-none-eabi/9.2.1/../../../../arm-none-eabi/lib/thumb/v7e-m/nofp\libg.a(lib_a-memset.o)
                0x08003a74                memset
 *(.glue_7t)
 .glue_7t       0x08003b14        0x0 linker stubs
 *(.glue_7)
 .glue_7        0x08003b14        0x0 linker stubs
 *(.gcc*)
                0x08003b14                __text_end__ = .

.vfp11_veneer   0x08003b14        0x0
 .vfp11_veneer  0x08003b14        0x0 linker stubs

.v4_bx          0x08003b14        0x0
 .v4_bx         0x08003b14        0x0 linker stubs

.iplt           0x08003b14        0x0
 .iplt          0x08003b14        0x0 ./build/obj/crt0_v7m.o

.rodata         0x08003b14      0x4b0
                0x08003b14                __rodata_base__ = .
 *(.rodata)
 *(.rodata.*)
 .rodata.spi_lld_serve_tx_interrupt.str1.4
                0x08003b14        0xc C:\Users\RAKIBU~1\AppData\Local\Temp\ch.elf.PhmLE8.ltrans0.ltrans.o
 .rodata.myPrintf.str1.4
                0x08003b20        0x7 C:\Users\RAKIBU~1\AppData\Local\Temp\ch.elf.PhmLE8.ltrans0.ltrans.o
 *fill*         0x08003b27        0x1 
 .rodata.wifi_cb.str1.4
                0x08003b28       0x8e C:\Users\RAKIBU~1\AppData\Local\Temp\ch.elf.PhmLE8.ltrans0.ltrans.o
 *fill*         0x08003bb6        0x2 
 .rodata.main.str1.4
                0x08003bb8      0x178 C:\Users\RAKIBU~1\AppData\Local\Temp\ch.elf.PhmLE8.ltrans0.ltrans.o
 .rodata._stm32_dma_streams
                0x08003d30       0xc0 C:\Users\RAKIBU~1\AppData\Local\Temp\ch.elf.PhmLE8.ltrans0.ltrans.o
 .rodata.ch_debug
                0x08003df0       0x16 C:\Users\RAKIBU~1\AppData\Local\Temp\ch.elf.PhmLE8.ltrans0.ltrans.o
 *fill*         0x08003e06        0x2 
 .rodata.crc7_syndrome_table
                0x08003e08      0x100 C:\Users\RAKIBU~1\AppData\Local\Temp\ch.elf.PhmLE8.ltrans0.ltrans.o
 .rodata.ram_areas
                0x08003f08       0x80 C:\Users\RAKIBU~1\AppData\Local\Temp\ch.elf.PhmLE8.ltrans0.ltrans.o
 .rodata.spicfg
                0x08003f88       0x14 C:\Users\RAKIBU~1\AppData\Local\Temp\ch.elf.PhmLE8.ltrans0.ltrans.o
 .rodata.vmt    0x08003f9c       0x28 C:\Users\RAKIBU~1\AppData\Local\Temp\ch.elf.PhmLE8.ltrans0.ltrans.o
                0x08003fc4                . = ALIGN (0x4)
                0x08003fc4                __rodata_end__ = .

.rel.dyn        0x08003fc4        0x0
 .rel.iplt      0x08003fc4        0x0 ./build/obj/crt0_v7m.o

.ARM.extab
 *(.ARM.extab* .gnu.linkonce.armextab.*)

.ARM.exidx      0x08003fc4        0x0
                0x08003fc4                __exidx_base__ = .
                0x08003fc4                __exidx_start = .
 *(.ARM.exidx* .gnu.linkonce.armexidx.*)
                0x08003fc4                __exidx_end__ = .
                0x08003fc4                __exidx_end = .

.eh_frame_hdr
 *(.eh_frame_hdr)

.eh_frame
 *(.eh_frame)

.data           0x20000800        0x0 load address 0x08003fc4
                [!provide]                PROVIDE (_textdata = LOADADDR (.data))
                [!provide]                PROVIDE (_data = .)
                0x08003fc4                __textdata_base__ = LOADADDR (.data)
                0x20000800                __data_base__ = .
 *(.data)
 *(.data.*)
 *(.ramtext)
                0x20000800                . = ALIGN (0x4)
                [!provide]                PROVIDE (_edata = .)
                0x20000800                __data_end__ = .

.igot.plt       0x20000800        0x0 load address 0x08003fc4
 .igot.plt      0x20000800        0x0 ./build/obj/crt0_v7m.o

.bss            0x20000800      0x550 load address 0x08003fc4
                0x20000800                __bss_base__ = .
 *(.bss)
 *(.bss.*)
 .bss.SD2       0x20000800       0x7c C:\Users\RAKIBU~1\AppData\Local\Temp\ch.elf.PhmLE8.ltrans0.ltrans.o
 .bss.SPID2     0x2000087c       0x30 C:\Users\RAKIBU~1\AppData\Local\Temp\ch.elf.PhmLE8.ltrans0.ltrans.o
 .bss._pal_events
                0x200008ac      0x100 C:\Users\RAKIBU~1\AppData\Local\Temp\ch.elf.PhmLE8.ltrans0.ltrans.o
 .bss.ch        0x200009ac       0x78 C:\Users\RAKIBU~1\AppData\Local\Temp\ch.elf.PhmLE8.ltrans0.ltrans.o
 .bss.ch_factory
                0x20000a24       0x48 C:\Users\RAKIBU~1\AppData\Local\Temp\ch.elf.PhmLE8.ltrans0.ltrans.o
 *fill*         0x20000a6c        0x4 
 .bss.ch_idle_thread_wa
                0x20000a70       0xd8 C:\Users\RAKIBU~1\AppData\Local\Temp\ch.elf.PhmLE8.ltrans0.ltrans.o
 .bss.ch_memcore
                0x20000b48        0x8 C:\Users\RAKIBU~1\AppData\Local\Temp\ch.elf.PhmLE8.ltrans0.ltrans.o
 .bss.chipid.4901
                0x20000b50        0x4 C:\Users\RAKIBU~1\AppData\Local\Temp\ch.elf.PhmLE8.ltrans0.ltrans.o
 .bss.default_heap
                0x20000b54       0x1c C:\Users\RAKIBU~1\AppData\Local\Temp\ch.elf.PhmLE8.ltrans0.ltrans.o
 .bss.dma       0x20000b70       0x84 C:\Users\RAKIBU~1\AppData\Local\Temp\ch.elf.PhmLE8.ltrans0.ltrans.o
 .bss.gpfAppWifiCb
                0x20000bf4        0x4 C:\Users\RAKIBU~1\AppData\Local\Temp\ch.elf.PhmLE8.ltrans0.ltrans.o
 .bss.gstrHifCxt
                0x20000bf8       0x28 C:\Users\RAKIBU~1\AppData\Local\Temp\ch.elf.PhmLE8.ltrans0.ltrans.o
 .bss.gu8ChNum  0x20000c20        0x1 C:\Users\RAKIBU~1\AppData\Local\Temp\ch.elf.PhmLE8.ltrans0.ltrans.o
 .bss.gu8Crc_off
                0x20000c21        0x1 C:\Users\RAKIBU~1\AppData\Local\Temp\ch.elf.PhmLE8.ltrans0.ltrans.o
 .bss.gu8scanInProgress
                0x20000c22        0x1 C:\Users\RAKIBU~1\AppData\Local\Temp\ch.elf.PhmLE8.ltrans0.ltrans.o
 .bss.scan_request_index
                0x20000c23        0x1 C:\Users\RAKIBU~1\AppData\Local\Temp\ch.elf.PhmLE8.ltrans0.ltrans.o
 .bss.spiDummyBuf
                0x20000c24      0x12c C:\Users\RAKIBU~1\AppData\Local\Temp\ch.elf.PhmLE8.ltrans0.ltrans.o
 *(COMMON)
                0x20000d50                . = ALIGN (0x4)
                0x20000d50                __bss_end__ = .
                [!provide]                PROVIDE (end = .)
                0x20000000                __ram0_base__ = ORIGIN (ram0)
                0x00008000                __ram0_size__ = LENGTH (ram0)
                0x20008000                __ram0_end__ = (__ram0_base__ + __ram0_size__)
                0x00000000                __ram1_base__ = ORIGIN (ram1)
                0x00000000                __ram1_size__ = LENGTH (ram1)
                0x00000000                __ram1_end__ = (__ram1_base__ + __ram1_size__)
                0x00000000                __ram2_base__ = ORIGIN (ram2)
                0x00000000                __ram2_size__ = LENGTH (ram2)
                0x00000000                __ram2_end__ = (__ram2_base__ + __ram2_size__)
                0x00000000                __ram3_base__ = ORIGIN (ram3)
                0x00000000                __ram3_size__ = LENGTH (ram3)
                0x00000000                __ram3_end__ = (__ram3_base__ + __ram3_size__)
                0x00000000                __ram4_base__ = ORIGIN (ram4)
                0x00000000                __ram4_size__ = LENGTH (ram4)
                0x00000000                __ram4_end__ = (__ram4_base__ + __ram4_size__)
                0x00000000                __ram5_base__ = ORIGIN (ram5)
                0x00000000                __ram5_size__ = LENGTH (ram5)
                0x00000000                __ram5_end__ = (__ram5_base__ + __ram5_size__)
                0x00000000                __ram6_base__ = ORIGIN (ram6)
                0x00000000                __ram6_size__ = LENGTH (ram6)
                0x00000000                __ram6_end__ = (__ram6_base__ + __ram6_size__)
                0x00000000                __ram7_base__ = ORIGIN (ram7)
                0x00000000                __ram7_size__ = LENGTH (ram7)
                0x00000000                __ram7_end__ = (__ram7_base__ + __ram7_size__)
                0x08000000                __flash0_base__ = ORIGIN (flash0)
                0x00020000                __flash0_size__ = LENGTH (flash0)
                0x08020000                __flash0_end__ = (__flash0_base__ + __flash0_size__)
                0x00000000                __flash1_base__ = ORIGIN (flash1)
                0x00000000                __flash1_size__ = LENGTH (flash1)
                0x00000000                __flash1_end__ = (__flash1_base__ + __flash1_size__)
                0x00000000                __flash2_base__ = ORIGIN (flash2)
                0x00000000                __flash2_size__ = LENGTH (flash2)
                0x00000000                __flash2_end__ = (__flash2_base__ + __flash2_size__)
                0x00000000                __flash3_base__ = ORIGIN (flash3)
                0x00000000                __flash3_size__ = LENGTH (flash3)
                0x00000000                __flash3_end__ = (__flash3_base__ + __flash3_size__)
                0x00000000                __flash4_base__ = ORIGIN (flash4)
                0x00000000                __flash4_size__ = LENGTH (flash4)
                0x00000000                __flash4_end__ = (__flash4_base__ + __flash4_size__)
                0x00000000                __flash5_base__ = ORIGIN (flash5)
                0x00000000                __flash5_size__ = LENGTH (flash5)
                0x00000000                __flash5_end__ = (__flash5_base__ + __flash5_size__)
                0x00000000                __flash6_base__ = ORIGIN (flash6)
                0x00000000                __flash6_size__ = LENGTH (flash6)
                0x00000000                __flash6_end__ = (__flash6_base__ + __flash6_size__)
                0x00000000                __flash7_base__ = ORIGIN (flash7)
                0x00000000                __flash7_size__ = LENGTH (flash7)
                0x00000000                __flash7_end__ = (__flash7_base__ + __flash7_size__)

.ram0_init      0x20000d50        0x0 load address 0x08003fc4
                0x08003fc4                __ram0_init_text__ = LOADADDR (.ram0_init)
                0x20000d50                __ram0_init__ = .
 *(.ram0_init)
 *(.ram0_init.*)
                0x20000d50                . = ALIGN (0x4)

.ram0           0x20000d50        0x0 load address 0x08003fc4
                0x20000d50                __ram0_clear__ = .
 *(.ram0_clear)
 *(.ram0_clear.*)
                0x20000d50                . = ALIGN (0x4)
                0x20000d50                __ram0_noinit__ = .
 *(.ram0)
 *(.ram0.*)
                0x20000d50                . = ALIGN (0x4)
                0x20000d50                __ram0_free__ = .

.ram1_init      0x00000000        0x0 load address 0x08003fc4
                0x08003fc4                __ram1_init_text__ = LOADADDR (.ram1_init)
                0x00000000                __ram1_init__ = .
 *(.ram1_init)
 *(.ram1_init.*)
                0x00000000                . = ALIGN (0x4)

.ram1           0x00000000        0x0 load address 0x08003fc4
                0x00000000                __ram1_clear__ = .
 *(.ram1_clear)
 *(.ram1_clear.*)
                0x00000000                . = ALIGN (0x4)
                0x00000000                __ram1_noinit__ = .
 *(.ram1)
 *(.ram1.*)
                0x00000000                . = ALIGN (0x4)
                0x00000000                __ram1_free__ = .

.ram2_init      0x00000000        0x0 load address 0x08003fc4
                0x08003fc4                __ram2_init_text__ = LOADADDR (.ram2_init)
                0x00000000                __ram2_init__ = .
 *(.ram2_init)
 *(.ram2_init.*)
                0x00000000                . = ALIGN (0x4)

.ram2           0x00000000        0x0 load address 0x08003fc4
                0x00000000                __ram2_clear__ = .
 *(.ram2_clear)
 *(.ram2_clear.*)
                0x00000000                . = ALIGN (0x4)
                0x00000000                __ram2_noinit__ = .
 *(.ram2)
 *(.ram2.*)
                0x00000000                . = ALIGN (0x4)
                0x00000000                __ram2_free__ = .

.ram3_init      0x00000000        0x0 load address 0x08003fc4
                0x08003fc4                __ram3_init_text__ = LOADADDR (.ram3_init)
                0x00000000                __ram3_init__ = .
 *(.ram3_init)
 *(.ram3_init.*)
                0x00000000                . = ALIGN (0x4)

.ram3           0x00000000        0x0 load address 0x08003fc4
                0x00000000                __ram3_clear__ = .
 *(.ram3_clear)
 *(.ram3_clear.*)
                0x00000000                . = ALIGN (0x4)
                0x00000000                __ram3_noinit__ = .
 *(.ram3)
 *(.ram3.*)
                0x00000000                . = ALIGN (0x4)
                0x00000000                __ram3_free__ = .

.ram4_init      0x00000000        0x0 load address 0x08003fc4
                0x08003fc4                __ram4_init_text__ = LOADADDR (.ram4_init)
                0x00000000                __ram4_init__ = .
 *(.ram4_init)
 *(.ram4_init.*)
                0x00000000                . = ALIGN (0x4)

.ram4           0x00000000        0x0 load address 0x08003fc4
                0x00000000                __ram4_clear__ = .
 *(.ram4_clear)
 *(.ram4_clear.*)
                0x00000000                . = ALIGN (0x4)
                0x00000000                __ram4_noinit__ = .
 *(.ram4)
 *(.ram4.*)
                0x00000000                . = ALIGN (0x4)
                0x00000000                __ram4_free__ = .

.ram5_init      0x00000000        0x0 load address 0x08003fc4
                0x08003fc4                __ram5_init_text__ = LOADADDR (.ram5_init)
                0x00000000                __ram5_init__ = .
 *(.ram5_init)
 *(.ram5_init.*)
                0x00000000                . = ALIGN (0x4)

.ram5           0x00000000        0x0 load address 0x08003fc4
                0x00000000                __ram5_clear__ = .
 *(.ram5_clear)
 *(.ram5_clear.*)
                0x00000000                . = ALIGN (0x4)
                0x00000000                __ram5_noinit__ = .
 *(.ram5)
 *(.ram5.*)
                0x00000000                . = ALIGN (0x4)
                0x00000000                __ram5_free__ = .

.ram6_init      0x00000000        0x0 load address 0x08003fc4
                0x08003fc4                __ram6_init_text__ = LOADADDR (.ram6_init)
                0x00000000                __ram6_init__ = .
 *(.ram6_init)
 *(.ram6_init.*)
                0x00000000                . = ALIGN (0x4)

.ram6           0x00000000        0x0 load address 0x08003fc4
                0x00000000                __ram6_clear__ = .
 *(.ram6_clear)
 *(.ram6_clear.*)
                0x00000000                . = ALIGN (0x4)
                0x00000000                __ram6_noinit__ = .
 *(.ram6)
 *(.ram6.*)
                0x00000000                . = ALIGN (0x4)
                0x00000000                __ram6_free__ = .

.ram7_init      0x00000000        0x0 load address 0x08003fc4
                0x08003fc4                __ram7_init_text__ = LOADADDR (.ram7_init)
                0x00000000                __ram7_init__ = .
 *(.ram7_init)
 *(.ram7_init.*)
                0x00000000                . = ALIGN (0x4)

.ram7           0x00000000        0x0 load address 0x08003fc4
                0x00000000                __ram7_clear__ = .
 *(.ram7_clear)
 *(.ram7_clear.*)
                0x00000000                . = ALIGN (0x4)
                0x00000000                __ram7_noinit__ = .
 *(.ram7)
 *(.ram7.*)
                0x00000000                . = ALIGN (0x4)
                0x00000000                __ram7_free__ = .

.flash0         0x08003fc4        0x0
                0x08003fc4                __flash0_init__ = .
 *(.flash0_init)
 *(.flash0_init.*)
                0x08003fc4                __flash0_free__ = .

.flash1         0x00000000        0x0
                0x00000000                __flash1_init__ = .
 *(.flash1_init)
 *(.flash1_init.*)
                0x00000000                __flash1_free__ = .

.flash2         0x00000000        0x0
                0x00000000                __flash2_init__ = .
 *(.flash2_init)
 *(.flash2_init.*)
                0x00000000                __flash2_free__ = .

.flash3         0x00000000        0x0
                0x00000000                __flash3_init__ = .
 *(.flash3_init)
 *(.flash3_init.*)
                0x00000000                __flash3_free__ = .

.flash4         0x00000000        0x0
                0x00000000                __flash4_init__ = .
 *(.flash4_init)
 *(.flash4_init.*)
                0x00000000                __flash4_free__ = .

.flash5         0x00000000        0x0
                0x00000000                __flash5_init__ = .
 *(.flash5_init)
 *(.flash5_init.*)
                0x00000000                __flash5_free__ = .

.flash6         0x00000000        0x0
                0x00000000                __flash6_init__ = .
 *(.flash6_init)
 *(.flash6_init.*)
                0x00000000                __flash6_free__ = .

.flash7         0x00000000        0x0
                0x00000000                __flash7_init__ = .
 *(.flash7_init)
 *(.flash7_init.*)
                0x00000000                __flash7_free__ = .

.heap           0x20000d50     0x72b0
                0x20000d50                . = ALIGN (0x8)
                0x20000d50                __heap_base__ = .
                0x20008000                . = (ORIGIN (HEAP_RAM) + LENGTH (HEAP_RAM))
 *fill*         0x20000d50     0x72b0 
                0x20008000                __heap_end__ = .
                0x00000400                __process_stack_size__ = 0x400
                0x00000400                __main_stack_size__ = 0x400
START GROUP
LOAD c:/chibistudio/tools/gnu tools arm embedded/9.0 2019q4/bin/../lib/gcc/arm-none-eabi/9.2.1/thumb/v7e-m/nofp\libgcc.a
LOAD c:/chibistudio/tools/gnu tools arm embedded/9.0 2019q4/bin/../lib/gcc/arm-none-eabi/9.2.1/../../../../arm-none-eabi/lib/thumb/v7e-m/nofp\libg.a
LOAD c:/chibistudio/tools/gnu tools arm embedded/9.0 2019q4/bin/../lib/gcc/arm-none-eabi/9.2.1/../../../../arm-none-eabi/lib/thumb/v7e-m/nofp\libc.a
END GROUP
OUTPUT(build/ch.elf elf32-littlearm)

.ARM.attributes
                0x00000000       0x2f
 .ARM.attributes
                0x00000000       0x21 ./build/obj/crt0_v7m.o
 .ARM.attributes
                0x00000021       0x21 ./build/obj/vectors.o
 .ARM.attributes
                0x00000042       0x21 ./build/obj/chcoreasm_v7m.o
 .ARM.attributes
                0x00000063       0x2c C:\Users\RAKIBU~1\AppData\Local\Temp\ch.elf.PhmLE8.ltrans0.ltrans.o
 .ARM.attributes
                0x0000008f       0x1c c:/chibistudio/tools/gnu tools arm embedded/9.0 2019q4/bin/../lib/gcc/arm-none-eabi/9.2.1/../../../../arm-none-eabi/lib/thumb/v7e-m/nofp\libg.a(lib_a-memcpy.o)
 .ARM.attributes
                0x000000ab       0x2e c:/chibistudio/tools/gnu tools arm embedded/9.0 2019q4/bin/../lib/gcc/arm-none-eabi/9.2.1/../../../../arm-none-eabi/lib/thumb/v7e-m/nofp\libg.a(lib_a-memset.o)
 .ARM.attributes
                0x000000d9       0x1c c:/chibistudio/tools/gnu tools arm embedded/9.0 2019q4/bin/../lib/gcc/arm-none-eabi/9.2.1/../../../../arm-none-eabi/lib/thumb/v7e-m/nofp\libg.a(lib_a-strlen.o)

.comment        0x00000000       0x79
 .comment       0x00000000       0x79 C:\Users\RAKIBU~1\AppData\Local\Temp\ch.elf.PhmLE8.ltrans0.ltrans.o
                                 0x7a (size before relaxing)

.debug_line     0x00000000    0x15359
 .debug_line    0x00000000       0xcd ./build/obj/crt0_v7m.o
 .debug_line    0x000000cd       0x77 ./build/obj/vectors.o
 .debug_line    0x00000144       0x8e ./build/obj/chcoreasm_v7m.o
 .debug_line    0x000001d2     0x7dc5 C:\Users\RAKIBU~1\AppData\Local\Temp\ch.elf.PhmLE8.ltrans0.ltrans.o
 .debug_line    0x00007f97      0x1ad C:\Users\RAKIBU~1\AppData\Local\Temp\ccKPWcOg.debug.temp.o
 .debug_line    0x00008144      0x560 C:\Users\RAKIBU~1\AppData\Local\Temp\ccql5qoq.debug.temp.o
 .debug_line    0x000086a4      0x582 C:\Users\RAKIBU~1\AppData\Local\Temp\ccEubIDA.debug.temp.o
 .debug_line    0x00008c26      0x5b8 C:\Users\RAKIBU~1\AppData\Local\Temp\ccOZLmYN.debug.temp.o
 .debug_line    0x000091de      0x5a6 C:\Users\RAKIBU~1\AppData\Local\Temp\ccKDutZ1.debug.temp.o
 .debug_line    0x00009784      0x575 C:\Users\RAKIBU~1\AppData\Local\Temp\ccWvCFzf.debug.temp.o
 .debug_line    0x00009cf9      0x573 C:\Users\RAKIBU~1\AppData\Local\Temp\ccu5zkhE.debug.temp.o
 .debug_line    0x0000a26c      0x576 C:\Users\RAKIBU~1\AppData\Local\Temp\ccSVns5T.debug.temp.o
 .debug_line    0x0000a7e2      0x573 C:\Users\RAKIBU~1\AppData\Local\Temp\ccA68Fs9.debug.temp.o
 .debug_line    0x0000ad55      0x543 C:\Users\RAKIBU~1\AppData\Local\Temp\ccO1Pjwp.debug.temp.o
 .debug_line    0x0000b298      0x587 C:\Users\RAKIBU~1\AppData\Local\Temp\ccsUotYD.debug.temp.o
 .debug_line    0x0000b81f      0x548 C:\Users\RAKIBU~1\AppData\Local\Temp\cc4DnGaT.debug.temp.o
 .debug_line    0x0000bd67      0x559 C:\Users\RAKIBU~1\AppData\Local\Temp\ccWD9sDp.debug.temp.o
 .debug_line    0x0000c2c0      0x55b C:\Users\RAKIBU~1\AppData\Local\Temp\cc2EI44Y.debug.temp.o
 .debug_line    0x0000c81b      0x55b C:\Users\RAKIBU~1\AppData\Local\Temp\ccil34zf.debug.temp.o
 .debug_line    0x0000cd76      0x597 C:\Users\RAKIBU~1\AppData\Local\Temp\ccgsyPOw.debug.temp.o
 .debug_line    0x0000d30d      0x55e C:\Users\RAKIBU~1\AppData\Local\Temp\ccMgT53Q.debug.temp.o
 .debug_line    0x0000d86b      0x54a C:\Users\RAKIBU~1\AppData\Local\Temp\ccivry3b.debug.temp.o
 .debug_line    0x0000ddb5      0x396 C:\Users\RAKIBU~1\AppData\Local\Temp\ccaXfZRP.debug.temp.o
 .debug_line    0x0000e14b      0x36c C:\Users\RAKIBU~1\AppData\Local\Temp\ccg2B1aM.debug.temp.o
 .debug_line    0x0000e4b7      0x36b C:\Users\RAKIBU~1\AppData\Local\Temp\ccogWFT8.debug.temp.o
 .debug_line    0x0000e822      0x38f C:\Users\RAKIBU~1\AppData\Local\Temp\ccY2mIbv.debug.temp.o
 .debug_line    0x0000ebb1      0x350 C:\Users\RAKIBU~1\AppData\Local\Temp\cckmwvdS.debug.temp.o
 .debug_line    0x0000ef01      0x395 C:\Users\RAKIBU~1\AppData\Local\Temp\cc01hdEd.debug.temp.o
 .debug_line    0x0000f296      0x360 C:\Users\RAKIBU~1\AppData\Local\Temp\cckyLtzV.debug.temp.o
 .debug_line    0x0000f5f6      0x371 C:\Users\RAKIBU~1\AppData\Local\Temp\ccgKAxZJ.debug.temp.o
 .debug_line    0x0000f967      0x383 C:\Users\RAKIBU~1\AppData\Local\Temp\cccQavrv.debug.temp.o
 .debug_line    0x0000fcea      0x367 C:\Users\RAKIBU~1\AppData\Local\Temp\cccy34Wk.debug.temp.o
 .debug_line    0x00010051      0x369 C:\Users\RAKIBU~1\AppData\Local\Temp\ccI2juZM.debug.temp.o
 .debug_line    0x000103ba      0x368 C:\Users\RAKIBU~1\AppData\Local\Temp\ccKJyrxe.debug.temp.o
 .debug_line    0x00010722      0x39f C:\Users\RAKIBU~1\AppData\Local\Temp\cc2gmSIy.debug.temp.o
 .debug_line    0x00010ac1      0x3b4 C:\Users\RAKIBU~1\AppData\Local\Temp\ccqvcD52.debug.temp.o
 .debug_line    0x00010e75      0x37c C:\Users\RAKIBU~1\AppData\Local\Temp\ccQadvAZ.debug.temp.o
 .debug_line    0x000111f1      0x57a C:\Users\RAKIBU~1\AppData\Local\Temp\cccyWHSs.debug.temp.o
 .debug_line    0x0001176b      0x595 C:\Users\RAKIBU~1\AppData\Local\Temp\cc2q05gY.debug.temp.o
 .debug_line    0x00011d00      0x5ba C:\Users\RAKIBU~1\AppData\Local\Temp\ccAcZHit.debug.temp.o
 .debug_line    0x000122ba       0x65 C:\Users\RAKIBU~1\AppData\Local\Temp\ccwotqTX.debug.temp.o
 .debug_line    0x0001231f      0x5e2 C:\Users\RAKIBU~1\AppData\Local\Temp\cc2oiC3t.debug.temp.o
 .debug_line    0x00012901       0xa2 C:\Users\RAKIBU~1\AppData\Local\Temp\ccGxzul2.debug.temp.o
 .debug_line    0x000129a3       0xa6 C:\Users\RAKIBU~1\AppData\Local\Temp\ccogZgA9.debug.temp.o
 .debug_line    0x00012a49      0x5b4 C:\Users\RAKIBU~1\AppData\Local\Temp\ccy1ZsxI.debug.temp.o
 .debug_line    0x00012ffd       0xc6 C:\Users\RAKIBU~1\AppData\Local\Temp\ccwo1vPf.debug.temp.o
 .debug_line    0x000130c3      0x581 C:\Users\RAKIBU~1\AppData\Local\Temp\ccIYZHTM.debug.temp.o
 .debug_line    0x00013644      0x5e0 C:\Users\RAKIBU~1\AppData\Local\Temp\ccUsFXHk.debug.temp.o
 .debug_line    0x00013c24      0x581 C:\Users\RAKIBU~1\AppData\Local\Temp\ccWh1wmw.debug.temp.o
 .debug_line    0x000141a5       0xc5 C:\Users\RAKIBU~1\AppData\Local\Temp\ccgcrj4I.debug.temp.o
 .debug_line    0x0001426a       0x99 C:\Users\RAKIBU~1\AppData\Local\Temp\ccCzUDGi.debug.temp.o
 .debug_line    0x00014303      0x6c1 C:\Users\RAKIBU~1\AppData\Local\Temp\ccup6f0k.debug.temp.o
 .debug_line    0x000149c4      0x407 C:\Users\RAKIBU~1\AppData\Local\Temp\ccA4YTbu.debug.temp.o
 .debug_line    0x00014dcb      0x58e C:\Users\RAKIBU~1\AppData\Local\Temp\ccKvVCkh.debug.temp.o

.debug_info     0x00000000    0x49d8c
 .debug_info    0x00000000       0x26 ./build/obj/crt0_v7m.o
 .debug_info    0x00000026       0x26 ./build/obj/vectors.o
 .debug_info    0x0000004c       0x26 ./build/obj/chcoreasm_v7m.o
 .debug_info    0x00000072     0x9539 C:\Users\RAKIBU~1\AppData\Local\Temp\ch.elf.PhmLE8.ltrans0.ltrans.o
 .debug_info    0x000095ab      0x35d C:\Users\RAKIBU~1\AppData\Local\Temp\ccKPWcOg.debug.temp.o
                0x000095ab                crt1.c.457b8845
 .debug_info    0x00009908     0x131d C:\Users\RAKIBU~1\AppData\Local\Temp\ccql5qoq.debug.temp.o
                0x00009908                hal.c.167e548a
 .debug_info    0x0000ac25     0x157a C:\Users\RAKIBU~1\AppData\Local\Temp\ccEubIDA.debug.temp.o
                0x0000ac25                hal_st.c.5b6c0d31
 .debug_info    0x0000c19f     0x235b C:\Users\RAKIBU~1\AppData\Local\Temp\ccOZLmYN.debug.temp.o
                0x0000c19f                hal_buffers.c.cb46dc2e
 .debug_info    0x0000e4fa     0x2174 C:\Users\RAKIBU~1\AppData\Local\Temp\ccKDutZ1.debug.temp.o
                0x0000e4fa                hal_queues.c.808c2672
 .debug_info    0x0001066e     0x16e0 C:\Users\RAKIBU~1\AppData\Local\Temp\ccWvCFzf.debug.temp.o
                0x0001066e                hal_flash.c.633e541b
 .debug_info    0x00011d4e     0x1654 C:\Users\RAKIBU~1\AppData\Local\Temp\ccu5zkhE.debug.temp.o
                0x00011d4e                hal_pal.c.9ed56676
 .debug_info    0x000133a2     0x17f3 C:\Users\RAKIBU~1\AppData\Local\Temp\ccSVns5T.debug.temp.o
                0x000133a2                hal_serial.c.fd88a5ca
 .debug_info    0x00014b95     0x17ff C:\Users\RAKIBU~1\AppData\Local\Temp\ccA68Fs9.debug.temp.o
                0x00014b95                hal_spi.c.fe979a9e
 .debug_info    0x00016394     0x1689 C:\Users\RAKIBU~1\AppData\Local\Temp\ccO1Pjwp.debug.temp.o
                0x00016394                nvic.c.fd53255d
 .debug_info    0x00017a1d     0x1633 C:\Users\RAKIBU~1\AppData\Local\Temp\ccsUotYD.debug.temp.o
                0x00017a1d                stm32_isr.c.80a0933f
 .debug_info    0x00019050     0x17a0 C:\Users\RAKIBU~1\AppData\Local\Temp\cc4DnGaT.debug.temp.o
                0x00019050                hal_lld.c.a04813dd
 .debug_info    0x0001a7f0     0x1915 C:\Users\RAKIBU~1\AppData\Local\Temp\ccWD9sDp.debug.temp.o
                0x0001a7f0                stm32_dma.c.f2d73a3b
 .debug_info    0x0001c105     0x169c C:\Users\RAKIBU~1\AppData\Local\Temp\cc2EI44Y.debug.temp.o
                0x0001c105                hal_pal_lld.c.623ef4fb
 .debug_info    0x0001d7a1     0x17df C:\Users\RAKIBU~1\AppData\Local\Temp\ccil34zf.debug.temp.o
                0x0001d7a1                hal_spi_lld.c.11057a74
 .debug_info    0x0001ef80     0x1705 C:\Users\RAKIBU~1\AppData\Local\Temp\ccgsyPOw.debug.temp.o
                0x0001ef80                hal_st_lld.c.3b48cc09
 .debug_info    0x00020685     0x1704 C:\Users\RAKIBU~1\AppData\Local\Temp\ccMgT53Q.debug.temp.o
                0x00020685                hal_serial_lld.c.24027e4f
 .debug_info    0x00021d89     0x15d2 C:\Users\RAKIBU~1\AppData\Local\Temp\ccivry3b.debug.temp.o
                0x00021d89                board.c.e8f633ca
 .debug_info    0x0002335b      0xfca C:\Users\RAKIBU~1\AppData\Local\Temp\ccaXfZRP.debug.temp.o
                0x0002335b                chsys.c.da0250d7
 .debug_info    0x00024325      0xbc6 C:\Users\RAKIBU~1\AppData\Local\Temp\ccg2B1aM.debug.temp.o
                0x00024325                chvt.c.93bc6624
 .debug_info    0x00024eeb      0xd4d C:\Users\RAKIBU~1\AppData\Local\Temp\ccogWFT8.debug.temp.o
                0x00024eeb                chschd.c.239fcbad
 .debug_info    0x00025c38     0x12cb C:\Users\RAKIBU~1\AppData\Local\Temp\ccY2mIbv.debug.temp.o
                0x00025c38                chthreads.c.6a122162
 .debug_info    0x00026f03      0xce7 C:\Users\RAKIBU~1\AppData\Local\Temp\cckmwvdS.debug.temp.o
                0x00026f03                chtm.c.41e3cae5
 .debug_info    0x00027bea     0x1435 C:\Users\RAKIBU~1\AppData\Local\Temp\cc01hdEd.debug.temp.o
                0x00027bea                chregistry.c.ef623664
 .debug_info    0x0002901f      0xd82 C:\Users\RAKIBU~1\AppData\Local\Temp\cckyLtzV.debug.temp.o
                0x0002901f                chmtx.c.026b29ef
 .debug_info    0x00029da1      0xf98 C:\Users\RAKIBU~1\AppData\Local\Temp\ccgKAxZJ.debug.temp.o
                0x00029da1                chevents.c.7db3e895
 .debug_info    0x0002ad39      0xd07 C:\Users\RAKIBU~1\AppData\Local\Temp\cccQavrv.debug.temp.o
                0x0002ad39                chdynamic.c.943f5af1
 .debug_info    0x0002ba40      0xc2e C:\Users\RAKIBU~1\AppData\Local\Temp\cccy34Wk.debug.temp.o
                0x0002ba40                chmemcore.c.2fd28cff
 .debug_info    0x0002c66e      0xd24 C:\Users\RAKIBU~1\AppData\Local\Temp\ccI2juZM.debug.temp.o
                0x0002c66e                chmemheaps.c.5cf3d5af
 .debug_info    0x0002d392      0xdd9 C:\Users\RAKIBU~1\AppData\Local\Temp\ccKJyrxe.debug.temp.o
                0x0002d392                chmempools.c.34f46e86
 .debug_info    0x0002e16b      0xe59 C:\Users\RAKIBU~1\AppData\Local\Temp\cc2gmSIy.debug.temp.o
                0x0002e16b                chdelegates.c.9c7d6d39
 .debug_info    0x0002efc4     0x1ce1 C:\Users\RAKIBU~1\AppData\Local\Temp\ccqvcD52.debug.temp.o
                0x0002efc4                chfactory.c.902278a1
 .debug_info    0x00030ca5     0x1a99 C:\Users\RAKIBU~1\AppData\Local\Temp\ccQadvAZ.debug.temp.o
                0x00030ca5                chcore_v7m.c.eb098c97
 .debug_info    0x0003273e     0x1733 C:\Users\RAKIBU~1\AppData\Local\Temp\cccyWHSs.debug.temp.o
                0x0003273e                chprintf.c.dfbb5634
 .debug_info    0x00033e71     0x1464 C:\Users\RAKIBU~1\AppData\Local\Temp\cc2q05gY.debug.temp.o
                0x00033e71                nm_bsp_stm32f429.c.ec4c730e
 .debug_info    0x000352d5     0x1d53 C:\Users\RAKIBU~1\AppData\Local\Temp\ccAcZHit.debug.temp.o
                0x000352d5                nm_bus_wrapper_stm32f429.c.8eeaa86d
 .debug_info    0x00037028      0x20c C:\Users\RAKIBU~1\AppData\Local\Temp\ccwotqTX.debug.temp.o
                0x00037028                nm_common.c.e9fec9cc
 .debug_info    0x00037234     0x2115 C:\Users\RAKIBU~1\AppData\Local\Temp\cc2oiC3t.debug.temp.o
                0x00037234                m2m_hif.c.4fc529f9
 .debug_info    0x00039349      0x57b C:\Users\RAKIBU~1\AppData\Local\Temp\ccGxzul2.debug.temp.o
                0x00039349                m2m_ota.c.e137360e
 .debug_info    0x000398c4      0x503 C:\Users\RAKIBU~1\AppData\Local\Temp\ccogZgA9.debug.temp.o
                0x000398c4                m2m_ssl.c.f0832b07
 .debug_info    0x00039dc7     0x392b C:\Users\RAKIBU~1\AppData\Local\Temp\ccy1ZsxI.debug.temp.o
                0x00039dc7                m2m_wifi.c.0a8be56f
 .debug_info    0x0003d6f2      0x535 C:\Users\RAKIBU~1\AppData\Local\Temp\ccwo1vPf.debug.temp.o
                0x0003d6f2                nmasic.c.ff60e097
 .debug_info    0x0003dc27     0x1591 C:\Users\RAKIBU~1\AppData\Local\Temp\ccIYZHTM.debug.temp.o
                0x0003dc27                nmbus.c.fcb31ec8
 .debug_info    0x0003f1b8     0x1f17 C:\Users\RAKIBU~1\AppData\Local\Temp\ccUsFXHk.debug.temp.o
                0x0003f1b8                nmdrv.c.12f4d9f3
 .debug_info    0x000410cf     0x1a5b C:\Users\RAKIBU~1\AppData\Local\Temp\ccWh1wmw.debug.temp.o
                0x000410cf                nmspi.c.0dc17771
 .debug_info    0x00042b2a     0x1418 C:\Users\RAKIBU~1\AppData\Local\Temp\ccgcrj4I.debug.temp.o
                0x00042b2a                socket.c.cd0836b7
 .debug_info    0x00043f42      0x593 C:\Users\RAKIBU~1\AppData\Local\Temp\ccCzUDGi.debug.temp.o
                0x00043f42                spi_flash.c.7f775dbe
 .debug_info    0x000444d5     0x1f94 C:\Users\RAKIBU~1\AppData\Local\Temp\ccup6f0k.debug.temp.o
                0x000444d5                oslib_test_sequence_003.c.6a0bbac9
 .debug_info    0x00046469     0x16ab C:\Users\RAKIBU~1\AppData\Local\Temp\ccA4YTbu.debug.temp.o
                0x00046469                syscalls.c.780672f4
 .debug_info    0x00047b14     0x2278 C:\Users\RAKIBU~1\AppData\Local\Temp\ccKvVCkh.debug.temp.o
                0x00047b14                main.c.c46a457b

.debug_abbrev   0x00000000     0x7833
 .debug_abbrev  0x00000000       0x14 ./build/obj/crt0_v7m.o
 .debug_abbrev  0x00000014       0x14 ./build/obj/vectors.o
 .debug_abbrev  0x00000028       0x14 ./build/obj/chcoreasm_v7m.o
 .debug_abbrev  0x0000003c      0x363 C:\Users\RAKIBU~1\AppData\Local\Temp\ch.elf.PhmLE8.ltrans0.ltrans.o
 .debug_abbrev  0x0000039f       0xff C:\Users\RAKIBU~1\AppData\Local\Temp\ccKPWcOg.debug.temp.o
 .debug_abbrev  0x0000049e      0x1c9 C:\Users\RAKIBU~1\AppData\Local\Temp\ccql5qoq.debug.temp.o
 .debug_abbrev  0x00000667      0x24f C:\Users\RAKIBU~1\AppData\Local\Temp\ccEubIDA.debug.temp.o
 .debug_abbrev  0x000008b6      0x317 C:\Users\RAKIBU~1\AppData\Local\Temp\ccOZLmYN.debug.temp.o
 .debug_abbrev  0x00000bcd      0x32a C:\Users\RAKIBU~1\AppData\Local\Temp\ccKDutZ1.debug.temp.o
 .debug_abbrev  0x00000ef7      0x219 C:\Users\RAKIBU~1\AppData\Local\Temp\ccWvCFzf.debug.temp.o
 .debug_abbrev  0x00001110      0x26e C:\Users\RAKIBU~1\AppData\Local\Temp\ccu5zkhE.debug.temp.o
 .debug_abbrev  0x0000137e      0x29a C:\Users\RAKIBU~1\AppData\Local\Temp\ccSVns5T.debug.temp.o
 .debug_abbrev  0x00001618      0x26e C:\Users\RAKIBU~1\AppData\Local\Temp\ccA68Fs9.debug.temp.o
 .debug_abbrev  0x00001886      0x230 C:\Users\RAKIBU~1\AppData\Local\Temp\ccO1Pjwp.debug.temp.o
 .debug_abbrev  0x00001ab6      0x232 C:\Users\RAKIBU~1\AppData\Local\Temp\ccsUotYD.debug.temp.o
 .debug_abbrev  0x00001ce8      0x1fd C:\Users\RAKIBU~1\AppData\Local\Temp\cc4DnGaT.debug.temp.o
 .debug_abbrev  0x00001ee5      0x28a C:\Users\RAKIBU~1\AppData\Local\Temp\ccWD9sDp.debug.temp.o
 .debug_abbrev  0x0000216f      0x244 C:\Users\RAKIBU~1\AppData\Local\Temp\cc2EI44Y.debug.temp.o
 .debug_abbrev  0x000023b3      0x27b C:\Users\RAKIBU~1\AppData\Local\Temp\ccil34zf.debug.temp.o
 .debug_abbrev  0x0000262e      0x218 C:\Users\RAKIBU~1\AppData\Local\Temp\ccgsyPOw.debug.temp.o
 .debug_abbrev  0x00002846      0x280 C:\Users\RAKIBU~1\AppData\Local\Temp\ccMgT53Q.debug.temp.o
 .debug_abbrev  0x00002ac6      0x209 C:\Users\RAKIBU~1\AppData\Local\Temp\ccivry3b.debug.temp.o
 .debug_abbrev  0x00002ccf      0x314 C:\Users\RAKIBU~1\AppData\Local\Temp\ccaXfZRP.debug.temp.o
 .debug_abbrev  0x00002fe3      0x252 C:\Users\RAKIBU~1\AppData\Local\Temp\ccg2B1aM.debug.temp.o
 .debug_abbrev  0x00003235      0x2ad C:\Users\RAKIBU~1\AppData\Local\Temp\ccogWFT8.debug.temp.o
 .debug_abbrev  0x000034e2      0x29c C:\Users\RAKIBU~1\AppData\Local\Temp\ccY2mIbv.debug.temp.o
 .debug_abbrev  0x0000377e      0x1e0 C:\Users\RAKIBU~1\AppData\Local\Temp\cckmwvdS.debug.temp.o
 .debug_abbrev  0x0000395e      0x2ae C:\Users\RAKIBU~1\AppData\Local\Temp\cc01hdEd.debug.temp.o
 .debug_abbrev  0x00003c0c      0x28f C:\Users\RAKIBU~1\AppData\Local\Temp\cckyLtzV.debug.temp.o
 .debug_abbrev  0x00003e9b      0x284 C:\Users\RAKIBU~1\AppData\Local\Temp\ccgKAxZJ.debug.temp.o
 .debug_abbrev  0x0000411f      0x20b C:\Users\RAKIBU~1\AppData\Local\Temp\cccQavrv.debug.temp.o
 .debug_abbrev  0x0000432a      0x22d C:\Users\RAKIBU~1\AppData\Local\Temp\cccy34Wk.debug.temp.o
 .debug_abbrev  0x00004557      0x270 C:\Users\RAKIBU~1\AppData\Local\Temp\ccI2juZM.debug.temp.o
 .debug_abbrev  0x000047c7      0x273 C:\Users\RAKIBU~1\AppData\Local\Temp\ccKJyrxe.debug.temp.o
 .debug_abbrev  0x00004a3a      0x259 C:\Users\RAKIBU~1\AppData\Local\Temp\cc2gmSIy.debug.temp.o
 .debug_abbrev  0x00004c93      0x2f5 C:\Users\RAKIBU~1\AppData\Local\Temp\ccqvcD52.debug.temp.o
 .debug_abbrev  0x00004f88      0x2e9 C:\Users\RAKIBU~1\AppData\Local\Temp\ccQadvAZ.debug.temp.o
 .debug_abbrev  0x00005271      0x29d C:\Users\RAKIBU~1\AppData\Local\Temp\cccyWHSs.debug.temp.o
 .debug_abbrev  0x0000550e      0x257 C:\Users\RAKIBU~1\AppData\Local\Temp\cc2q05gY.debug.temp.o
 .debug_abbrev  0x00005765      0x28f C:\Users\RAKIBU~1\AppData\Local\Temp\ccAcZHit.debug.temp.o
 .debug_abbrev  0x000059f4       0xb8 C:\Users\RAKIBU~1\AppData\Local\Temp\ccwotqTX.debug.temp.o
 .debug_abbrev  0x00005aac      0x35f C:\Users\RAKIBU~1\AppData\Local\Temp\cc2oiC3t.debug.temp.o
 .debug_abbrev  0x00005e0b      0x150 C:\Users\RAKIBU~1\AppData\Local\Temp\ccGxzul2.debug.temp.o
 .debug_abbrev  0x00005f5b      0x1af C:\Users\RAKIBU~1\AppData\Local\Temp\ccogZgA9.debug.temp.o
 .debug_abbrev  0x0000610a      0x310 C:\Users\RAKIBU~1\AppData\Local\Temp\ccy1ZsxI.debug.temp.o
 .debug_abbrev  0x0000641a      0x1a4 C:\Users\RAKIBU~1\AppData\Local\Temp\ccwo1vPf.debug.temp.o
 .debug_abbrev  0x000065be      0x262 C:\Users\RAKIBU~1\AppData\Local\Temp\ccIYZHTM.debug.temp.o
 .debug_abbrev  0x00006820      0x2ea C:\Users\RAKIBU~1\AppData\Local\Temp\ccUsFXHk.debug.temp.o
 .debug_abbrev  0x00006b0a      0x28d C:\Users\RAKIBU~1\AppData\Local\Temp\ccWh1wmw.debug.temp.o
 .debug_abbrev  0x00006d97      0x1c7 C:\Users\RAKIBU~1\AppData\Local\Temp\ccgcrj4I.debug.temp.o
 .debug_abbrev  0x00006f5e      0x155 C:\Users\RAKIBU~1\AppData\Local\Temp\ccCzUDGi.debug.temp.o
 .debug_abbrev  0x000070b3      0x2c1 C:\Users\RAKIBU~1\AppData\Local\Temp\ccup6f0k.debug.temp.o
 .debug_abbrev  0x00007374      0x241 C:\Users\RAKIBU~1\AppData\Local\Temp\ccA4YTbu.debug.temp.o
 .debug_abbrev  0x000075b5      0x27e C:\Users\RAKIBU~1\AppData\Local\Temp\ccKvVCkh.debug.temp.o

.debug_aranges  0x00000000      0x3a0
 .debug_aranges
                0x00000000       0x20 ./build/obj/crt0_v7m.o
 .debug_aranges
                0x00000020       0x20 ./build/obj/vectors.o
 .debug_aranges
                0x00000040       0x20 ./build/obj/chcoreasm_v7m.o
 .debug_aranges
                0x00000060      0x340 C:\Users\RAKIBU~1\AppData\Local\Temp\ch.elf.PhmLE8.ltrans0.ltrans.o

.debug_str      0x00000000     0x7be6
 .debug_str     0x00000000       0x87 ./build/obj/crt0_v7m.o
 .debug_str     0x00000087       0x42 ./build/obj/vectors.o
                                 0x86 (size before relaxing)
 .debug_str     0x000000c9       0x46 ./build/obj/chcoreasm_v7m.o
                                 0x8a (size before relaxing)
 .debug_str     0x0000010f      0x177 C:\Users\RAKIBU~1\AppData\Local\Temp\ch.elf.PhmLE8.ltrans0.ltrans.o
                                0x1cf (size before relaxing)
 .debug_str     0x00000286      0x433 C:\Users\RAKIBU~1\AppData\Local\Temp\ccKPWcOg.debug.temp.o
                                0x4e1 (size before relaxing)
 .debug_str     0x000006b9      0x797 C:\Users\RAKIBU~1\AppData\Local\Temp\ccql5qoq.debug.temp.o
                                0xaa3 (size before relaxing)
 .debug_str     0x00000e50      0x136 C:\Users\RAKIBU~1\AppData\Local\Temp\ccEubIDA.debug.temp.o
                                0xba6 (size before relaxing)
 .debug_str     0x00000f86      0x6b6 C:\Users\RAKIBU~1\AppData\Local\Temp\ccOZLmYN.debug.temp.o
                               0x11a0 (size before relaxing)
 .debug_str     0x0000163c       0xca C:\Users\RAKIBU~1\AppData\Local\Temp\ccKDutZ1.debug.temp.o
                               0x1018 (size before relaxing)
 .debug_str     0x00001706      0x269 C:\Users\RAKIBU~1\AppData\Local\Temp\ccWvCFzf.debug.temp.o
                                0xd09 (size before relaxing)
 .debug_str     0x0000196f       0xfe C:\Users\RAKIBU~1\AppData\Local\Temp\ccu5zkhE.debug.temp.o
                                0xc04 (size before relaxing)
 .debug_str     0x00001a6d      0x13b C:\Users\RAKIBU~1\AppData\Local\Temp\ccSVns5T.debug.temp.o
                                0xc25 (size before relaxing)
 .debug_str     0x00001ba8      0x160 C:\Users\RAKIBU~1\AppData\Local\Temp\ccA68Fs9.debug.temp.o
                                0xc54 (size before relaxing)
 .debug_str     0x00001d08      0x143 C:\Users\RAKIBU~1\AppData\Local\Temp\ccO1Pjwp.debug.temp.o
                                0xbbc (size before relaxing)
 .debug_str     0x00001e4b      0x462 C:\Users\RAKIBU~1\AppData\Local\Temp\ccsUotYD.debug.temp.o
                                0xf2e (size before relaxing)
 .debug_str     0x000022ad      0x174 C:\Users\RAKIBU~1\AppData\Local\Temp\cc4DnGaT.debug.temp.o
                                0xc74 (size before relaxing)
 .debug_str     0x00002421      0x17a C:\Users\RAKIBU~1\AppData\Local\Temp\ccWD9sDp.debug.temp.o
                                0xd3b (size before relaxing)
 .debug_str     0x0000259b      0x12b C:\Users\RAKIBU~1\AppData\Local\Temp\cc2EI44Y.debug.temp.o
                                0xc4b (size before relaxing)
 .debug_str     0x000026c6      0x126 C:\Users\RAKIBU~1\AppData\Local\Temp\ccil34zf.debug.temp.o
                                0xd50 (size before relaxing)
 .debug_str     0x000027ec       0x81 C:\Users\RAKIBU~1\AppData\Local\Temp\ccgsyPOw.debug.temp.o
                                0xcd0 (size before relaxing)
 .debug_str     0x0000286d       0x99 C:\Users\RAKIBU~1\AppData\Local\Temp\ccMgT53Q.debug.temp.o
                                0xcd3 (size before relaxing)
 .debug_str     0x00002906       0xaf C:\Users\RAKIBU~1\AppData\Local\Temp\ccivry3b.debug.temp.o
                                0xc30 (size before relaxing)
 .debug_str     0x000029b5      0x2ff C:\Users\RAKIBU~1\AppData\Local\Temp\ccaXfZRP.debug.temp.o
                                0xac5 (size before relaxing)
 .debug_str     0x00002cb4       0x70 C:\Users\RAKIBU~1\AppData\Local\Temp\ccg2B1aM.debug.temp.o
                                0x7f8 (size before relaxing)
 .debug_str     0x00002d24      0x150 C:\Users\RAKIBU~1\AppData\Local\Temp\ccogWFT8.debug.temp.o
                                0x8db (size before relaxing)
 .debug_str     0x00002e74      0x275 C:\Users\RAKIBU~1\AppData\Local\Temp\ccY2mIbv.debug.temp.o
                                0xa4e (size before relaxing)
 .debug_str     0x000030e9       0xc1 C:\Users\RAKIBU~1\AppData\Local\Temp\cckmwvdS.debug.temp.o
                                0x881 (size before relaxing)
 .debug_str     0x000031aa       0xa9 C:\Users\RAKIBU~1\AppData\Local\Temp\cc01hdEd.debug.temp.o
                                0xbd0 (size before relaxing)
 .debug_str     0x00003253       0xc1 C:\Users\RAKIBU~1\AppData\Local\Temp\cckyLtzV.debug.temp.o
                                0x839 (size before relaxing)
 .debug_str     0x00003314      0x1a5 C:\Users\RAKIBU~1\AppData\Local\Temp\ccgKAxZJ.debug.temp.o
                                0x943 (size before relaxing)
 .debug_str     0x000034b9       0xa2 C:\Users\RAKIBU~1\AppData\Local\Temp\cccQavrv.debug.temp.o
                                0x81c (size before relaxing)
 .debug_str     0x0000355b       0xa6 C:\Users\RAKIBU~1\AppData\Local\Temp\cccy34Wk.debug.temp.o
                                0x7e7 (size before relaxing)
 .debug_str     0x00003601       0xa4 C:\Users\RAKIBU~1\AppData\Local\Temp\ccI2juZM.debug.temp.o
                                0x7fc (size before relaxing)
 .debug_str     0x000036a5      0x144 C:\Users\RAKIBU~1\AppData\Local\Temp\ccKJyrxe.debug.temp.o
                                0x898 (size before relaxing)
 .debug_str     0x000037e9      0x183 C:\Users\RAKIBU~1\AppData\Local\Temp\cc2gmSIy.debug.temp.o
                                0x8ce (size before relaxing)
 .debug_str     0x0000396c      0x3e4 C:\Users\RAKIBU~1\AppData\Local\Temp\ccqvcD52.debug.temp.o
                                0xf8f (size before relaxing)
 .debug_str     0x00003d50      0x13a C:\Users\RAKIBU~1\AppData\Local\Temp\ccQadvAZ.debug.temp.o
                               0x1130 (size before relaxing)
 .debug_str     0x00003e8a      0x13f C:\Users\RAKIBU~1\AppData\Local\Temp\cccyWHSs.debug.temp.o
                                0xbe4 (size before relaxing)
 .debug_str     0x00003fc9       0xd0 C:\Users\RAKIBU~1\AppData\Local\Temp\cc2q05gY.debug.temp.o
                                0xbc7 (size before relaxing)
 .debug_str     0x00004099      0x140 C:\Users\RAKIBU~1\AppData\Local\Temp\ccAcZHit.debug.temp.o
                                0xfac (size before relaxing)
 .debug_str     0x000041d9       0xd2 C:\Users\RAKIBU~1\AppData\Local\Temp\ccwotqTX.debug.temp.o
                                0x25b (size before relaxing)
 .debug_str     0x000042ab      0x388 C:\Users\RAKIBU~1\AppData\Local\Temp\cc2oiC3t.debug.temp.o
                               0x1245 (size before relaxing)
 .debug_str     0x00004633      0x47e C:\Users\RAKIBU~1\AppData\Local\Temp\ccGxzul2.debug.temp.o
                                0x70f (size before relaxing)
 .debug_str     0x00004ab1      0x37a C:\Users\RAKIBU~1\AppData\Local\Temp\ccogZgA9.debug.temp.o
                                0x5e6 (size before relaxing)
 .debug_str     0x00004e2b     0x187a C:\Users\RAKIBU~1\AppData\Local\Temp\ccy1ZsxI.debug.temp.o
                               0x2a32 (size before relaxing)
 .debug_str     0x000066a5      0x203 C:\Users\RAKIBU~1\AppData\Local\Temp\ccwo1vPf.debug.temp.o
                                0x48f (size before relaxing)
 .debug_str     0x000068a8       0xe4 C:\Users\RAKIBU~1\AppData\Local\Temp\ccIYZHTM.debug.temp.o
                                0xbd8 (size before relaxing)
 .debug_str     0x0000698c       0xcf C:\Users\RAKIBU~1\AppData\Local\Temp\ccUsFXHk.debug.temp.o
                               0x10da (size before relaxing)
 .debug_str     0x00006a5b      0x1ab C:\Users\RAKIBU~1\AppData\Local\Temp\ccWh1wmw.debug.temp.o
                                0xcf3 (size before relaxing)
 .debug_str     0x00006c06      0x921 C:\Users\RAKIBU~1\AppData\Local\Temp\ccgcrj4I.debug.temp.o
                                0xcbe (size before relaxing)
 .debug_str     0x00007527      0x1ee C:\Users\RAKIBU~1\AppData\Local\Temp\ccCzUDGi.debug.temp.o
                                0x3f6 (size before relaxing)
 .debug_str     0x00007715      0x251 C:\Users\RAKIBU~1\AppData\Local\Temp\ccup6f0k.debug.temp.o
                               0x10da (size before relaxing)
 .debug_str     0x00007966      0x1ab C:\Users\RAKIBU~1\AppData\Local\Temp\ccA4YTbu.debug.temp.o
                                0xcc7 (size before relaxing)
 .debug_str     0x00007b11       0xd5 C:\Users\RAKIBU~1\AppData\Local\Temp\ccKvVCkh.debug.temp.o
                               0x189e (size before relaxing)

.debug_loc      0x00000000     0x85df
 .debug_loc     0x00000000     0x85df C:\Users\RAKIBU~1\AppData\Local\Temp\ch.elf.PhmLE8.ltrans0.ltrans.o

.debug_ranges   0x00000000     0x3c48
 .debug_ranges  0x00000000     0x3c48 C:\Users\RAKIBU~1\AppData\Local\Temp\ch.elf.PhmLE8.ltrans0.ltrans.o

.debug_frame    0x00000000      0xc04
 .debug_frame   0x00000000      0xbcc C:\Users\RAKIBU~1\AppData\Local\Temp\ch.elf.PhmLE8.ltrans0.ltrans.o
 .debug_frame   0x00000bcc       0x38 c:/chibistudio/tools/gnu tools arm embedded/9.0 2019q4/bin/../lib/gcc/arm-none-eabi/9.2.1/../../../../arm-none-eabi/lib/thumb/v7e-m/nofp\libg.a(lib_a-memset.o)

Cross Reference Table

Symbol                                            File
BusFault_Handler                                  ./build/obj/vectors.o
DebugMon_Handler                                  ./build/obj/vectors.o
HardFault_Handler                                 ./build/obj/vectors.o
MemManage_Handler                                 ./build/obj/vectors.o
NMI_Handler                                       ./build/obj/vectors.o
PendSV_Handler                                    ./build/obj/vectors.o
Reset_Handler                                     ./build/obj/vectors.o
SD2                                               ./build/obj/hal_serial_lld.o (symbol from plugin)
                                                  ./build/obj/main.o (symbol from plugin)
                                                  ./build/obj/chprintf.o (symbol from plugin)
SPID2                                             ./build/obj/hal_spi_lld.o (symbol from plugin)
                                                  ./build/obj/nm_bus_wrapper_stm32f429.o (symbol from plugin)
SVC_Handler                                       C:\Users\RAKIBU~1\AppData\Local\Temp\ch.elf.PhmLE8.ltrans0.ltrans.o
                                                  ./build/obj/chcore_v7m.o (symbol from plugin)
                                                  ./build/obj/vectors.o
Socket_ReadSocketData                             ./build/obj/socket.o (symbol from plugin)
SysTick_Handler                                   ./build/obj/vectors.o
SystemCoreClock                                   ./build/obj/hal_lld.o (symbol from plugin)
UsageFault_Handler                                ./build/obj/vectors.o
Vector100                                         ./build/obj/vectors.o
Vector104                                         ./build/obj/vectors.o
Vector108                                         C:\Users\RAKIBU~1\AppData\Local\Temp\ch.elf.PhmLE8.ltrans0.ltrans.o
                                                  ./build/obj/hal_st_lld.o (symbol from plugin)
                                                  ./build/obj/vectors.o
Vector10C                                         ./build/obj/vectors.o
Vector110                                         ./build/obj/vectors.o
Vector114                                         ./build/obj/vectors.o
Vector118                                         ./build/obj/vectors.o
Vector11C                                         ./build/obj/vectors.o
Vector120                                         C:\Users\RAKIBU~1\AppData\Local\Temp\ch.elf.PhmLE8.ltrans0.ltrans.o
                                                  ./build/obj/stm32_dma.o (symbol from plugin)
                                                  ./build/obj/vectors.o
Vector124                                         C:\Users\RAKIBU~1\AppData\Local\Temp\ch.elf.PhmLE8.ltrans0.ltrans.o
                                                  ./build/obj/stm32_dma.o (symbol from plugin)
                                                  ./build/obj/vectors.o
Vector128                                         C:\Users\RAKIBU~1\AppData\Local\Temp\ch.elf.PhmLE8.ltrans0.ltrans.o
                                                  ./build/obj/stm32_dma.o (symbol from plugin)
                                                  ./build/obj/vectors.o
Vector12C                                         C:\Users\RAKIBU~1\AppData\Local\Temp\ch.elf.PhmLE8.ltrans0.ltrans.o
                                                  ./build/obj/stm32_dma.o (symbol from plugin)
                                                  ./build/obj/vectors.o
Vector130                                         C:\Users\RAKIBU~1\AppData\Local\Temp\ch.elf.PhmLE8.ltrans0.ltrans.o
                                                  ./build/obj/stm32_dma.o (symbol from plugin)
                                                  ./build/obj/vectors.o
Vector134                                         ./build/obj/vectors.o
Vector138                                         ./build/obj/vectors.o
Vector13C                                         ./build/obj/vectors.o
Vector140                                         ./build/obj/vectors.o
Vector144                                         ./build/obj/vectors.o
Vector148                                         ./build/obj/vectors.o
Vector14C                                         ./build/obj/vectors.o
Vector150                                         C:\Users\RAKIBU~1\AppData\Local\Temp\ch.elf.PhmLE8.ltrans0.ltrans.o
                                                  ./build/obj/stm32_dma.o (symbol from plugin)
                                                  ./build/obj/vectors.o
Vector154                                         C:\Users\RAKIBU~1\AppData\Local\Temp\ch.elf.PhmLE8.ltrans0.ltrans.o
                                                  ./build/obj/stm32_dma.o (symbol from plugin)
                                                  ./build/obj/vectors.o
Vector158                                         C:\Users\RAKIBU~1\AppData\Local\Temp\ch.elf.PhmLE8.ltrans0.ltrans.o
                                                  ./build/obj/stm32_dma.o (symbol from plugin)
                                                  ./build/obj/vectors.o
Vector15C                                         ./build/obj/vectors.o
Vector160                                         ./build/obj/vectors.o
Vector164                                         ./build/obj/vectors.o
Vector168                                         ./build/obj/vectors.o
Vector16C                                         ./build/obj/vectors.o
Vector170                                         ./build/obj/vectors.o
Vector174                                         ./build/obj/vectors.o
Vector178                                         ./build/obj/vectors.o
Vector17C                                         ./build/obj/vectors.o
Vector180                                         ./build/obj/vectors.o
Vector184                                         ./build/obj/vectors.o
Vector188                                         ./build/obj/vectors.o
Vector18C                                         ./build/obj/vectors.o
Vector190                                         ./build/obj/vectors.o
Vector194                                         ./build/obj/vectors.o
Vector198                                         ./build/obj/vectors.o
Vector19C                                         ./build/obj/vectors.o
Vector1A0                                         ./build/obj/vectors.o
Vector1A4                                         ./build/obj/vectors.o
Vector1A8                                         ./build/obj/vectors.o
Vector1AC                                         ./build/obj/vectors.o
Vector1B0                                         ./build/obj/vectors.o
Vector1B4                                         ./build/obj/vectors.o
Vector1B8                                         ./build/obj/vectors.o
Vector1BC                                         ./build/obj/vectors.o
Vector1C                                          ./build/obj/vectors.o
Vector1C0                                         ./build/obj/vectors.o
Vector1C4                                         ./build/obj/vectors.o
Vector1C8                                         ./build/obj/vectors.o
Vector1CC                                         ./build/obj/vectors.o
Vector1D0                                         ./build/obj/vectors.o
Vector1D4                                         ./build/obj/vectors.o
Vector1D8                                         ./build/obj/vectors.o
Vector1DC                                         ./build/obj/vectors.o
Vector20                                          ./build/obj/vectors.o
Vector24                                          ./build/obj/vectors.o
Vector28                                          ./build/obj/vectors.o
Vector34                                          ./build/obj/vectors.o
Vector40                                          ./build/obj/vectors.o
Vector44                                          ./build/obj/vectors.o
Vector48                                          ./build/obj/vectors.o
Vector4C                                          ./build/obj/vectors.o
Vector50                                          ./build/obj/vectors.o
Vector54                                          ./build/obj/vectors.o
Vector58                                          C:\Users\RAKIBU~1\AppData\Local\Temp\ch.elf.PhmLE8.ltrans0.ltrans.o
                                                  ./build/obj/stm32_isr.o (symbol from plugin)
                                                  ./build/obj/vectors.o
Vector5C                                          C:\Users\RAKIBU~1\AppData\Local\Temp\ch.elf.PhmLE8.ltrans0.ltrans.o
                                                  ./build/obj/stm32_isr.o (symbol from plugin)
                                                  ./build/obj/vectors.o
Vector60                                          C:\Users\RAKIBU~1\AppData\Local\Temp\ch.elf.PhmLE8.ltrans0.ltrans.o
                                                  ./build/obj/stm32_isr.o (symbol from plugin)
                                                  ./build/obj/vectors.o
Vector64                                          C:\Users\RAKIBU~1\AppData\Local\Temp\ch.elf.PhmLE8.ltrans0.ltrans.o
                                                  ./build/obj/stm32_isr.o (symbol from plugin)
                                                  ./build/obj/vectors.o
Vector68                                          C:\Users\RAKIBU~1\AppData\Local\Temp\ch.elf.PhmLE8.ltrans0.ltrans.o
                                                  ./build/obj/stm32_isr.o (symbol from plugin)
                                                  ./build/obj/vectors.o
Vector6C                                          C:\Users\RAKIBU~1\AppData\Local\Temp\ch.elf.PhmLE8.ltrans0.ltrans.o
                                                  ./build/obj/stm32_dma.o (symbol from plugin)
                                                  ./build/obj/vectors.o
Vector70                                          C:\Users\RAKIBU~1\AppData\Local\Temp\ch.elf.PhmLE8.ltrans0.ltrans.o
                                                  ./build/obj/stm32_dma.o (symbol from plugin)
                                                  ./build/obj/vectors.o
Vector74                                          C:\Users\RAKIBU~1\AppData\Local\Temp\ch.elf.PhmLE8.ltrans0.ltrans.o
                                                  ./build/obj/stm32_dma.o (symbol from plugin)
                                                  ./build/obj/vectors.o
Vector78                                          C:\Users\RAKIBU~1\AppData\Local\Temp\ch.elf.PhmLE8.ltrans0.ltrans.o
                                                  ./build/obj/stm32_dma.o (symbol from plugin)
                                                  ./build/obj/vectors.o
Vector7C                                          C:\Users\RAKIBU~1\AppData\Local\Temp\ch.elf.PhmLE8.ltrans0.ltrans.o
                                                  ./build/obj/stm32_dma.o (symbol from plugin)
                                                  ./build/obj/vectors.o
Vector80                                          C:\Users\RAKIBU~1\AppData\Local\Temp\ch.elf.PhmLE8.ltrans0.ltrans.o
                                                  ./build/obj/stm32_dma.o (symbol from plugin)
                                                  ./build/obj/vectors.o
Vector84                                          C:\Users\RAKIBU~1\AppData\Local\Temp\ch.elf.PhmLE8.ltrans0.ltrans.o
                                                  ./build/obj/stm32_dma.o (symbol from plugin)
                                                  ./build/obj/vectors.o
Vector88                                          ./build/obj/vectors.o
Vector8C                                          ./build/obj/vectors.o
Vector90                                          ./build/obj/vectors.o
Vector94                                          ./build/obj/vectors.o
Vector98                                          ./build/obj/vectors.o
Vector9C                                          C:\Users\RAKIBU~1\AppData\Local\Temp\ch.elf.PhmLE8.ltrans0.ltrans.o
                                                  ./build/obj/stm32_isr.o (symbol from plugin)
                                                  ./build/obj/vectors.o
VectorA0                                          ./build/obj/vectors.o
VectorA4                                          ./build/obj/vectors.o
VectorA8                                          ./build/obj/vectors.o
VectorAC                                          ./build/obj/vectors.o
VectorB0                                          ./build/obj/vectors.o
VectorB4                                          ./build/obj/vectors.o
VectorB8                                          ./build/obj/vectors.o
VectorBC                                          ./build/obj/vectors.o
VectorC0                                          ./build/obj/vectors.o
VectorC4                                          ./build/obj/vectors.o
VectorC8                                          ./build/obj/vectors.o
VectorCC                                          ./build/obj/vectors.o
VectorD0                                          ./build/obj/vectors.o
VectorD4                                          ./build/obj/vectors.o
VectorD8                                          C:\Users\RAKIBU~1\AppData\Local\Temp\ch.elf.PhmLE8.ltrans0.ltrans.o
                                                  ./build/obj/hal_serial_lld.o (symbol from plugin)
                                                  ./build/obj/vectors.o
VectorDC                                          ./build/obj/vectors.o
VectorE0                                          C:\Users\RAKIBU~1\AppData\Local\Temp\ch.elf.PhmLE8.ltrans0.ltrans.o
                                                  ./build/obj/stm32_isr.o (symbol from plugin)
                                                  ./build/obj/vectors.o
VectorE4                                          ./build/obj/vectors.o
VectorE8                                          ./build/obj/vectors.o
VectorEC                                          ./build/obj/vectors.o
VectorF0                                          ./build/obj/vectors.o
VectorF4                                          ./build/obj/vectors.o
VectorF8                                          ./build/obj/vectors.o
VectorFC                                          C:\Users\RAKIBU~1\AppData\Local\Temp\ch.elf.PhmLE8.ltrans0.ltrans.o
                                                  ./build/obj/stm32_dma.o (symbol from plugin)
                                                  ./build/obj/vectors.o
__bss_base__                                      ./build/obj/ch_test.o (symbol from plugin)
                                                  ./build/obj/crt0_v7m.o
__bss_end__                                       ./build/obj/ch_test.o (symbol from plugin)
                                                  ./build/obj/crt0_v7m.o
__ch_delegate_fn0                                 ./build/obj/chdelegates.o (symbol from plugin)
                                                  ./build/obj/oslib_test_sequence_005.o (symbol from plugin)
__ch_delegate_fn1                                 ./build/obj/chdelegates.o (symbol from plugin)
                                                  ./build/obj/oslib_test_sequence_005.o (symbol from plugin)
__ch_delegate_fn2                                 ./build/obj/chdelegates.o (symbol from plugin)
                                                  ./build/obj/oslib_test_sequence_005.o (symbol from plugin)
__ch_delegate_fn3                                 ./build/obj/chdelegates.o (symbol from plugin)
                                                  ./build/obj/oslib_test_sequence_005.o (symbol from plugin)
__ch_delegate_fn4                                 ./build/obj/chdelegates.o (symbol from plugin)